Archive member included because of file (symbol)

c:/program files (x86)/atmel/studio/7.0/toolchain/arm/arm-gnu-toolchain/bin/../lib/gcc/arm-none-eabi/4.9.3/../../../../arm-none-eabi/lib/armv6-m\libm.a(lib_a-w_pow.o)
                              src/main.o (pow)
c:/program files (x86)/atmel/studio/7.0/toolchain/arm/arm-gnu-toolchain/bin/../lib/gcc/arm-none-eabi/4.9.3/../../../../arm-none-eabi/lib/armv6-m\libm.a(lib_a-e_pow.o)
                              c:/program files (x86)/atmel/studio/7.0/toolchain/arm/arm-gnu-toolchain/bin/../lib/gcc/arm-none-eabi/4.9.3/../../../../arm-none-eabi/lib/armv6-m\libm.a(lib_a-w_pow.o) (__ieee754_pow)
c:/program files (x86)/atmel/studio/7.0/toolchain/arm/arm-gnu-toolchain/bin/../lib/gcc/arm-none-eabi/4.9.3/../../../../arm-none-eabi/lib/armv6-m\libm.a(lib_a-e_sqrt.o)
                              c:/program files (x86)/atmel/studio/7.0/toolchain/arm/arm-gnu-toolchain/bin/../lib/gcc/arm-none-eabi/4.9.3/../../../../arm-none-eabi/lib/armv6-m\libm.a(lib_a-e_pow.o) (__ieee754_sqrt)
c:/program files (x86)/atmel/studio/7.0/toolchain/arm/arm-gnu-toolchain/bin/../lib/gcc/arm-none-eabi/4.9.3/../../../../arm-none-eabi/lib/armv6-m\libm.a(lib_a-s_fabs.o)
                              c:/program files (x86)/atmel/studio/7.0/toolchain/arm/arm-gnu-toolchain/bin/../lib/gcc/arm-none-eabi/4.9.3/../../../../arm-none-eabi/lib/armv6-m\libm.a(lib_a-e_pow.o) (fabs)
c:/program files (x86)/atmel/studio/7.0/toolchain/arm/arm-gnu-toolchain/bin/../lib/gcc/arm-none-eabi/4.9.3/../../../../arm-none-eabi/lib/armv6-m\libm.a(lib_a-s_finite.o)
                              c:/program files (x86)/atmel/studio/7.0/toolchain/arm/arm-gnu-toolchain/bin/../lib/gcc/arm-none-eabi/4.9.3/../../../../arm-none-eabi/lib/armv6-m\libm.a(lib_a-w_pow.o) (finite)
c:/program files (x86)/atmel/studio/7.0/toolchain/arm/arm-gnu-toolchain/bin/../lib/gcc/arm-none-eabi/4.9.3/../../../../arm-none-eabi/lib/armv6-m\libm.a(lib_a-s_fpclassify.o)
                              c:/program files (x86)/atmel/studio/7.0/toolchain/arm/arm-gnu-toolchain/bin/../lib/gcc/arm-none-eabi/4.9.3/../../../../arm-none-eabi/lib/armv6-m\libm.a(lib_a-w_pow.o) (__fpclassifyd)
c:/program files (x86)/atmel/studio/7.0/toolchain/arm/arm-gnu-toolchain/bin/../lib/gcc/arm-none-eabi/4.9.3/../../../../arm-none-eabi/lib/armv6-m\libm.a(lib_a-s_lib_ver.o)
                              c:/program files (x86)/atmel/studio/7.0/toolchain/arm/arm-gnu-toolchain/bin/../lib/gcc/arm-none-eabi/4.9.3/../../../../arm-none-eabi/lib/armv6-m\libm.a(lib_a-w_pow.o) (__fdlib_version)
c:/program files (x86)/atmel/studio/7.0/toolchain/arm/arm-gnu-toolchain/bin/../lib/gcc/arm-none-eabi/4.9.3/../../../../arm-none-eabi/lib/armv6-m\libm.a(lib_a-s_matherr.o)
                              c:/program files (x86)/atmel/studio/7.0/toolchain/arm/arm-gnu-toolchain/bin/../lib/gcc/arm-none-eabi/4.9.3/../../../../arm-none-eabi/lib/armv6-m\libm.a(lib_a-w_pow.o) (matherr)
c:/program files (x86)/atmel/studio/7.0/toolchain/arm/arm-gnu-toolchain/bin/../lib/gcc/arm-none-eabi/4.9.3/../../../../arm-none-eabi/lib/armv6-m\libm.a(lib_a-s_nan.o)
                              c:/program files (x86)/atmel/studio/7.0/toolchain/arm/arm-gnu-toolchain/bin/../lib/gcc/arm-none-eabi/4.9.3/../../../../arm-none-eabi/lib/armv6-m\libm.a(lib_a-e_pow.o) (nan)
c:/program files (x86)/atmel/studio/7.0/toolchain/arm/arm-gnu-toolchain/bin/../lib/gcc/arm-none-eabi/4.9.3/../../../../arm-none-eabi/lib/armv6-m\libm.a(lib_a-s_rint.o)
                              c:/program files (x86)/atmel/studio/7.0/toolchain/arm/arm-gnu-toolchain/bin/../lib/gcc/arm-none-eabi/4.9.3/../../../../arm-none-eabi/lib/armv6-m\libm.a(lib_a-w_pow.o) (rint)
c:/program files (x86)/atmel/studio/7.0/toolchain/arm/arm-gnu-toolchain/bin/../lib/gcc/arm-none-eabi/4.9.3/../../../../arm-none-eabi/lib/armv6-m\libm.a(lib_a-s_scalbn.o)
                              c:/program files (x86)/atmel/studio/7.0/toolchain/arm/arm-gnu-toolchain/bin/../lib/gcc/arm-none-eabi/4.9.3/../../../../arm-none-eabi/lib/armv6-m\libm.a(lib_a-e_pow.o) (scalbn)
c:/program files (x86)/atmel/studio/7.0/toolchain/arm/arm-gnu-toolchain/bin/../lib/gcc/arm-none-eabi/4.9.3/../../../../arm-none-eabi/lib/armv6-m\libm.a(lib_a-s_copysign.o)
                              c:/program files (x86)/atmel/studio/7.0/toolchain/arm/arm-gnu-toolchain/bin/../lib/gcc/arm-none-eabi/4.9.3/../../../../arm-none-eabi/lib/armv6-m\libm.a(lib_a-s_scalbn.o) (copysign)
c:/program files (x86)/atmel/studio/7.0/toolchain/arm/arm-gnu-toolchain/bin/../lib/gcc/arm-none-eabi/4.9.3/armv6-m\libgcc.a(_udivsi3.o)
                              src/ASF/sam0/drivers/system/clock/clock_samd21_r21_da/clock.o (__aeabi_uidiv)
c:/program files (x86)/atmel/studio/7.0/toolchain/arm/arm-gnu-toolchain/bin/../lib/gcc/arm-none-eabi/4.9.3/armv6-m\libgcc.a(_divsi3.o)
                              src/main.o (__aeabi_idivmod)
[...]
Memory Configuration

Name             Origin             Length             Attributes
rom              0x00000000         0x00040000         xr
ram              0x20000000         0x00008000         xrw
*default*        0x00000000         0xffffffff

Linker script and memory map

LOAD c:/program files (x86)/atmel/studio/7.0/toolchain/arm/arm-gnu-toolchain/bin/../lib/gcc/arm-none-eabi/4.9.3/armv6-m/crti.o
LOAD c:/program files (x86)/atmel/studio/7.0/toolchain/arm/arm-gnu-toolchain/bin/../lib/gcc/arm-none-eabi/4.9.3/armv6-m/crtbegin.o
LOAD c:/program files (x86)/atmel/studio/7.0/toolchain/arm/arm-gnu-toolchain/bin/../lib/gcc/arm-none-eabi/4.9.3/../../../../arm-none-eabi/lib/armv6-m/crt0.o
LOAD src/ASF/common2/components/memory/serial_flash/at25dfx/at25dfx.o
LOAD src/ASF/common2/services/delay/sam0/cycle_counter.o
LOAD src/ASF/sam0/drivers/sercom/sercom.o
LOAD src/ASF/sam0/drivers/sercom/usart/usart_interrupt.o
LOAD src/Gambi.o
LOAD src/main.o
LOAD src/OBDII-std.o
LOAD src/PID_interpreter.o
LOAD src/ASF/sam0/drivers/sercom/usart/usart.o
LOAD src/ASF/sam0/drivers/sercom/spi/spi.o
LOAD src/ASF/sam0/drivers/sercom/spi/spi_interrupt.o
LOAD src/ASF/sam0/drivers/sercom/sercom_interrupt.o
LOAD src/ASF/common/utils/interrupt/interrupt_sam_nvic.o
LOAD src/ASF/sam0/boards/samd21_xplained_pro/board_init.o
LOAD src/ASF/sam0/drivers/port/port.o
LOAD src/ASF/sam0/drivers/system/clock/clock_samd21_r21_da/clock.o
LOAD src/ASF/sam0/drivers/system/clock/clock_samd21_r21_da/gclk.o
LOAD src/ASF/sam0/drivers/system/interrupt/system_interrupt.o
LOAD src/ASF/sam0/drivers/system/pinmux/pinmux.o
LOAD src/ASF/sam0/drivers/system/system.o
LOAD src/ASF/sam0/utils/cmsis/samd21/source/gcc/startup_samd21.o
LOAD src/ASF/sam0/utils/cmsis/samd21/source/system_samd21.o
LOAD src/ASF/sam0/utils/syscalls/gcc/syscalls.o
START GROUP
LOAD ../src/ASF/thirdparty/CMSIS/Lib/GCC\libarm_cortexM0l_math.a
LOAD c:/program files (x86)/atmel/studio/7.0/toolchain/arm/arm-gnu-toolchain/bin/../lib/gcc/arm-none-eabi/4.9.3/../../../../arm-none-eabi/lib/armv6-m\libm.a
END GROUP
START GROUP
LOAD c:/program files (x86)/atmel/studio/7.0/toolchain/arm/arm-gnu-toolchain/bin/../lib/gcc/arm-none-eabi/4.9.3/armv6-m\libgcc.a
LOAD c:/program files (x86)/atmel/studio/7.0/toolchain/arm/arm-gnu-toolchain/bin/../lib/gcc/arm-none-eabi/4.9.3/../../../../arm-none-eabi/lib/armv6-m\libc_nano.a
END GROUP
START GROUP
LOAD c:/program files (x86)/atmel/studio/7.0/toolchain/arm/arm-gnu-toolchain/bin/../lib/gcc/arm-none-eabi/4.9.3/armv6-m\libgcc.a
LOAD c:/program files (x86)/atmel/studio/7.0/toolchain/arm/arm-gnu-toolchain/bin/../lib/gcc/arm-none-eabi/4.9.3/../../../../arm-none-eabi/lib/armv6-m\libc_nano.a
END GROUP
LOAD c:/program files (x86)/atmel/studio/7.0/toolchain/arm/arm-gnu-toolchain/bin/../lib/gcc/arm-none-eabi/4.9.3/armv6-m/crtend.o
LOAD c:/program files (x86)/atmel/studio/7.0/toolchain/arm/arm-gnu-toolchain/bin/../lib/gcc/arm-none-eabi/4.9.3/armv6-m/crtn.o
                0x00002000                STACK_SIZE = DEFINED (STACK_SIZE)?STACK_SIZE:DEFINED (__stack_size__)?__stack_size__:0x2000

.text           0x00000000     0xbf60
                0x00000000                . = ALIGN (0x4)
                0x00000000                _sfixed = .
 *(.vectors .vectors.*)
 .vectors       0x00000000       0xb4 src/ASF/sam0/utils/cmsis/samd21/source/gcc/startup_samd21.o
                0x00000000                exception_table
 *(.text .text.* .gnu.linkonce.t.*)
 .text          0x000000b4       0x60 c:/program files (x86)/atmel/studio/7.0/toolchain/arm/arm-gnu-toolchain/bin/../lib/gcc/arm-none-eabi/4.9.3/armv6-m/crtbegin.o
 .text.at25dfx_chip_check_presence
                0x00000114      0x110 src/ASF/common2/components/memory/serial_flash/at25dfx/at25dfx.o
                0x00000114                at25dfx_chip_check_presence
 .text.at25dfx_chip_read_buffer
                0x00000224       0xf4 src/ASF/common2/components/memory/serial_flash/at25dfx/at25dfx.o
                0x00000224                at25dfx_chip_read_buffer
 .text.at25dfx_chip_write_buffer
                0x00000318      0x460 src/ASF/common2/components/memory/serial_flash/at25dfx/at25dfx.o
                0x00000318                at25dfx_chip_write_buffer
 .text.at25dfx_chip_erase_block
                0x00000778      0x238 src/ASF/common2/components/memory/serial_flash/at25dfx/at25dfx.o
                0x00000778                at25dfx_chip_erase_block
 .text.at25dfx_chip_set_global_sector_protect
                0x000009b0       0xf8 src/ASF/common2/components/memory/serial_flash/at25dfx/at25dfx.o
                0x000009b0                at25dfx_chip_set_global_sector_protect
 .text.at25dfx_chip_sleep
                0x00000aa8       0x90 src/ASF/common2/components/memory/serial_flash/at25dfx/at25dfx.o
                0x00000aa8                at25dfx_chip_sleep
 .text.at25dfx_chip_wake
                0x00000b38       0x90 src/ASF/common2/components/memory/serial_flash/at25dfx/at25dfx.o
                0x00000b38                at25dfx_chip_wake
 .text._sercom_get_sync_baud_val
                0x00000bc8       0x28 src/ASF/sam0/drivers/sercom/sercom.o
                0x00000bc8                _sercom_get_sync_baud_val
 .text._sercom_get_async_baud_val
                0x00000bf0      0x1c8 src/ASF/sam0/drivers/sercom/sercom.o
                0x00000bf0                _sercom_get_async_baud_val
 .text.sercom_set_gclk_generator
                0x00000db8       0x4c src/ASF/sam0/drivers/sercom/sercom.o
                0x00000db8                sercom_set_gclk_generator
 .text._sercom_get_default_pad
                0x00000e04      0x188 src/ASF/sam0/drivers/sercom/sercom.o
                0x00000e04                _sercom_get_default_pad
 .text._sercom_get_sercom_inst_index
                0x00000f8c       0x3c src/ASF/sam0/drivers/sercom/sercom.o
                0x00000f8c                _sercom_get_sercom_inst_index
 .text._usart_interrupt_handler
                0x00000fc8      0x1a0 src/ASF/sam0/drivers/sercom/usart/usart_interrupt.o
                0x00000fc8                _usart_interrupt_handler
 .text.uartSend
                0x00001168       0x1c src/Gambi.o
                0x00001168                uartSend
 .text.uartReceive
                0x00001184       0x1c src/Gambi.o
                0x00001184                uartReceive
 .text.uartClear
                0x000011a0       0x20 src/Gambi.o
                0x000011a0                uartClear
 .text.uartInit
                0x000011c0       0xc4 src/Gambi.o
                0x000011c0                uartInit
 .text.uartSetTXasDigital
                0x00001284       0x60 src/Gambi.o
                0x00001284                uartSetTXasDigital
 .text.pinOutCtrl
                0x000012e4       0x44 src/Gambi.o
                0x000012e4                pinOutCtrl
 .text.comInit  0x00001328       0xc4 src/Gambi.o
                0x00001328                comInit
 .text.comSend  0x000013ec       0x1c src/Gambi.o
                0x000013ec                comSend
 .text.comSendString
                0x00001408       0x1c src/Gambi.o
                0x00001408                comSendString
 .text.printIHM
                0x00001424       0x28 src/Gambi.o
                0x00001424                printIHM
 .text.comReceive
                0x0000144c       0x1c src/Gambi.o
                0x0000144c                comReceive
 .text.comClear
                0x00001468       0x20 src/Gambi.o
                0x00001468                comClear
 .text.writeFlashMemory
                0x00001488       0x58 src/Gambi.o
                0x00001488                writeFlashMemory
 .text.readFlashMemory
                0x000014e0       0x34 src/Gambi.o
                0x000014e0                readFlashMemory
 .text.clearFlashMemory
                0x00001514       0x58 src/Gambi.o
                0x00001514                clearFlashMemory
 .text.shift_light
                0x0000156c       0xe4 src/Gambi.o
                0x0000156c                shift_light
 .text.setDefaultValues
                0x00001650       0x38 src/Gambi.o
                0x00001650                setDefaultValues
 .text.initialize
                0x00001688      0x204 src/Gambi.o
                0x00001688                initialize
 .text.main     0x0000188c     0x12c8 src/main.o
                0x0000188c                main
 .text.initPIDs
                0x00002b54       0xb8 src/OBDII-std.o
                0x00002b54                initPIDs
 .text.sendRequest
                0x00002c0c       0x38 src/OBDII-std.o
                0x00002c0c                sendRequest
 .text.receiveData
                0x00002c44      0x154 src/OBDII-std.o
                0x00002c44                receiveData
 .text.requestService
                0x00002d98       0x48 src/OBDII-std.o
                0x00002d98                requestService
 .text.init5BAUD
                0x00002de0      0x24c src/OBDII-std.o
                0x00002de0                init5BAUD
 .text.getPIDTable
                0x0000302c        0x8 src/OBDII-std.o
                0x0000302c                getPIDTable
 .text.PID00_funct
                0x00003034      0x3c4 src/PID_interpreter.o
                0x00003034                PID00_funct
 .text.PID01_funct
                0x000033f8      0x2b8 src/PID_interpreter.o
                0x000033f8                PID01_funct
 .text.PID03_funct
                0x000036b0      0x13c src/PID_interpreter.o
                0x000036b0                PID03_funct
 .text.PID04_funct
                0x000037ec       0x48 src/PID_interpreter.o
                0x000037ec                PID04_funct
 .text.PID05_funct
                0x00003834       0x1c src/PID_interpreter.o
                0x00003834                PID05_funct
 .text.PID06_funct
                0x00003850       0x48 src/PID_interpreter.o
                0x00003850                PID06_funct
 .text.PID07_funct
                0x00003898       0x48 src/PID_interpreter.o
                0x00003898                PID07_funct
 .text.PID0B_funct
                0x000038e0       0x18 src/PID_interpreter.o
                0x000038e0                PID0B_funct
 .text.PID0C_funct
                0x000038f8       0x50 src/PID_interpreter.o
                0x000038f8                PID0C_funct
 .text.PID0D_funct
                0x00003948       0x18 src/PID_interpreter.o
                0x00003948                PID0D_funct
 .text.PID0E_funct
                0x00003960       0x44 src/PID_interpreter.o
                0x00003960                PID0E_funct
 .text.PID0F_funct
                0x000039a4       0x1c src/PID_interpreter.o
                0x000039a4                PID0F_funct
 .text.PID11_funct
                0x000039c0       0x48 src/PID_interpreter.o
                0x000039c0                PID11_funct
 .text.PID13_funct
                0x00003a08      0x10c src/PID_interpreter.o
                0x00003a08                PID13_funct
 .text.PID15_funct
                0x00003b14       0x78 src/PID_interpreter.o
                0x00003b14                PID15_funct
 .text.PID20_funct
                0x00003b8c      0x3c4 src/PID_interpreter.o
                0x00003b8c                PID20_funct
 .text.PID21_funct
                0x00003f50       0x20 src/PID_interpreter.o
                0x00003f50                PID21_funct
 .text.PID34_funct
                0x00003f70       0x90 src/PID_interpreter.o
                0x00003f70                PID34_funct
 .text.PIDfunctionFinder
                0x00004000      0x170 src/PID_interpreter.o
                0x00004000                PIDfunctionFinder
 .text.usart_init
                0x00004170      0x338 src/ASF/sam0/drivers/sercom/usart/usart.o
                0x00004170                usart_init
 .text.usart_write_wait
                0x000044a8       0x2c src/ASF/sam0/drivers/sercom/usart/usart.o
                0x000044a8                usart_write_wait
 .text.usart_read_wait
                0x000044d4       0x78 src/ASF/sam0/drivers/sercom/usart/usart.o
                0x000044d4                usart_read_wait
 .text.spi_init
                0x0000454c      0x210 src/ASF/sam0/drivers/sercom/spi/spi.o
                0x0000454c                spi_init
 .text.spi_read_buffer_wait
                0x0000475c      0x118 src/ASF/sam0/drivers/sercom/spi/spi.o
                0x0000475c                spi_read_buffer_wait
 .text.spi_write_buffer_wait
                0x00004874      0x220 src/ASF/sam0/drivers/sercom/spi/spi.o
                0x00004874                spi_write_buffer_wait
 .text._spi_interrupt_handler
                0x00004a94      0x1fc src/ASF/sam0/drivers/sercom/spi/spi_interrupt.o
                0x00004a94                _spi_interrupt_handler
 .text._sercom_default_handler
                0x00004c90        0x4 src/ASF/sam0/drivers/sercom/sercom_interrupt.o
 .text._sercom_set_handler
                0x00004c94       0x3c src/ASF/sam0/drivers/sercom/sercom_interrupt.o
                0x00004c94                _sercom_set_handler
 .text._sercom_get_interrupt_vector
                0x00004cd0       0x2c src/ASF/sam0/drivers/sercom/sercom_interrupt.o
                0x00004cd0                _sercom_get_interrupt_vector
 .text.SERCOM0_Handler
                0x00004cfc       0x10 src/ASF/sam0/drivers/sercom/sercom_interrupt.o
                0x00004cfc                SERCOM0_Handler
 .text.SERCOM1_Handler
                0x00004d0c       0x10 src/ASF/sam0/drivers/sercom/sercom_interrupt.o
                0x00004d0c                SERCOM1_Handler
 .text.SERCOM2_Handler
                0x00004d1c       0x10 src/ASF/sam0/drivers/sercom/sercom_interrupt.o
                0x00004d1c                SERCOM2_Handler
 .text.SERCOM3_Handler
                0x00004d2c       0x10 src/ASF/sam0/drivers/sercom/sercom_interrupt.o
                0x00004d2c                SERCOM3_Handler
 .text.SERCOM4_Handler
                0x00004d3c       0x10 src/ASF/sam0/drivers/sercom/sercom_interrupt.o
                0x00004d3c                SERCOM4_Handler
 .text.SERCOM5_Handler
                0x00004d4c       0x10 src/ASF/sam0/drivers/sercom/sercom_interrupt.o
                0x00004d4c                SERCOM5_Handler
 .text.cpu_irq_enter_critical
                0x00004d5c       0x40 src/ASF/common/utils/interrupt/interrupt_sam_nvic.o
                0x00004d5c                cpu_irq_enter_critical
 .text.cpu_irq_leave_critical
                0x00004d9c       0x30 src/ASF/common/utils/interrupt/interrupt_sam_nvic.o
                0x00004d9c                cpu_irq_leave_critical
 .text.system_board_init
                0x00004dcc       0x38 src/ASF/sam0/boards/samd21_xplained_pro/board_init.o
                0x00004dcc                board_init
                0x00004dcc                system_board_init
 .text.port_pin_set_config
                0x00004e04       0x24 src/ASF/sam0/drivers/port/port.o
                0x00004e04                port_pin_set_config
 .text.system_clock_source_get_hz
                0x00004e28       0x90 src/ASF/sam0/drivers/system/clock/clock_samd21_r21_da/clock.o
                0x00004e28                system_clock_source_get_hz
 .text.system_clock_source_osc8m_set_config
                0x00004eb8       0x3c src/ASF/sam0/drivers/system/clock/clock_samd21_r21_da/clock.o
                0x00004eb8                system_clock_source_osc8m_set_config
 .text.system_clock_source_enable
                0x00004ef4       0xa8 src/ASF/sam0/drivers/system/clock/clock_samd21_r21_da/clock.o
                0x00004ef4                system_clock_source_enable
 .text.system_clock_init
                0x00004f9c       0x98 src/ASF/sam0/drivers/system/clock/clock_samd21_r21_da/clock.o
                0x00004f9c                system_clock_init
 .text.system_gclk_init
                0x00005034       0x24 src/ASF/sam0/drivers/system/clock/clock_samd21_r21_da/gclk.o
                0x00005034                system_gclk_init
 .text.system_gclk_gen_set_config
                0x00005058       0xb8 src/ASF/sam0/drivers/system/clock/clock_samd21_r21_da/gclk.o
                0x00005058                system_gclk_gen_set_config
 .text.system_gclk_gen_enable
                0x00005110       0x44 src/ASF/sam0/drivers/system/clock/clock_samd21_r21_da/gclk.o
                0x00005110                system_gclk_gen_enable
 .text.system_gclk_gen_get_hz
                0x00005154       0x8c src/ASF/sam0/drivers/system/clock/clock_samd21_r21_da/gclk.o
                0x00005154                system_gclk_gen_get_hz
 .text.system_gclk_chan_enable
                0x000051e0       0x30 src/ASF/sam0/drivers/system/clock/clock_samd21_r21_da/gclk.o
                0x000051e0                system_gclk_chan_enable
 .text.system_gclk_chan_disable
                0x00005210       0x5c src/ASF/sam0/drivers/system/clock/clock_samd21_r21_da/gclk.o
                0x00005210                system_gclk_chan_disable
 .text.system_gclk_chan_set_config
                0x0000526c       0x1c src/ASF/sam0/drivers/system/clock/clock_samd21_r21_da/gclk.o
                0x0000526c                system_gclk_chan_set_config
 .text.system_gclk_chan_get_hz
                0x00005288       0x34 src/ASF/sam0/drivers/system/clock/clock_samd21_r21_da/gclk.o
                0x00005288                system_gclk_chan_get_hz
 .text._system_pinmux_config
                0x000052bc       0xa8 src/ASF/sam0/drivers/system/pinmux/pinmux.o
 .text.system_pinmux_pin_set_config
                0x00005364       0x30 src/ASF/sam0/drivers/system/pinmux/pinmux.o
                0x00005364                system_pinmux_pin_set_config
 .text._system_dummy_init
                0x00005394        0x4 src/ASF/sam0/drivers/system/system.o
                0x00005394                _system_extint_init
                0x00005394                _system_events_init
                0x00005394                _system_dummy_init
                0x00005394                _system_divas_init
 .text.system_init
                0x00005398       0x2c src/ASF/sam0/drivers/system/system.o
                0x00005398                system_init
 .text.Dummy_Handler
                0x000053c4        0x4 src/ASF/sam0/utils/cmsis/samd21/source/gcc/startup_samd21.o
                0x000053c4                DMAC_Handler
                0x000053c4                HardFault_Handler
                0x000053c4                AC_Handler
                0x000053c4                SysTick_Handler
                0x000053c4                PendSV_Handler
                0x000053c4                NMI_Handler
                0x000053c4                TC7_Handler
                0x000053c4                ADC_Handler
                0x000053c4                TCC1_Handler
                0x000053c4                TCC0_Handler
                0x000053c4                RTC_Handler
                0x000053c4                EIC_Handler
                0x000053c4                TC6_Handler
                0x000053c4                WDT_Handler
                0x000053c4                TC4_Handler
                0x000053c4                USB_Handler
                0x000053c4                TC3_Handler
                0x000053c4                Dummy_Handler
                0x000053c4                PM_Handler
                0x000053c4                SVC_Handler
                0x000053c4                TCC2_Handler
                0x000053c4                EVSYS_Handler
                0x000053c4                I2S_Handler
                0x000053c4                NVMCTRL_Handler
                0x000053c4                DAC_Handler
                0x000053c4                PTC_Handler
                0x000053c4                TC5_Handler
                0x000053c4                SYSCTRL_Handler
 .text.Reset_Handler
                0x000053c8       0xf8 src/ASF/sam0/utils/cmsis/samd21/source/gcc/startup_samd21.o
                0x000053c8                Reset_Handler
 .text._sbrk    0x000054c0       0x24 src/ASF/sam0/utils/syscalls/gcc/syscalls.o
                0x000054c0                _sbrk
 .text.pow      0x000054e4      0x35c c:/program files (x86)/atmel/studio/7.0/toolchain/arm/arm-gnu-toolchain/bin/../lib/gcc/arm-none-eabi/4.9.3/../../../../arm-none-eabi/lib/armv6-m\libm.a(lib_a-w_pow.o)
                0x000054e4                pow
 .text.__ieee754_pow
                0x00005840      0xa8c c:/program files (x86)/atmel/studio/7.0/toolchain/arm/arm-gnu-toolchain/bin/../lib/gcc/arm-none-eabi/4.9.3/../../../../arm-none-eabi/lib/armv6-m\libm.a(lib_a-e_pow.o)
                0x00005840                __ieee754_pow
 .text.__ieee754_sqrt
                0x000062cc      0x1ec c:/program files (x86)/atmel/studio/7.0/toolchain/arm/arm-gnu-toolchain/bin/../lib/gcc/arm-none-eabi/4.9.3/../../../../arm-none-eabi/lib/armv6-m\libm.a(lib_a-e_sqrt.o)
                0x000062cc                __ieee754_sqrt
 .text.fabs     0x000064b8        0x8 c:/program files (x86)/atmel/studio/7.0/toolchain/arm/arm-gnu-toolchain/bin/../lib/gcc/arm-none-eabi/4.9.3/../../../../arm-none-eabi/lib/armv6-m\libm.a(lib_a-s_fabs.o)
                0x000064b8                fabs
 .text.finite   0x000064c0       0x14 c:/program files (x86)/atmel/studio/7.0/toolchain/arm/arm-gnu-toolchain/bin/../lib/gcc/arm-none-eabi/4.9.3/../../../../arm-none-eabi/lib/armv6-m\libm.a(lib_a-s_finite.o)
                0x000064c0                finite
 .text.__fpclassifyd
                0x000064d4       0x5c c:/program files (x86)/atmel/studio/7.0/toolchain/arm/arm-gnu-toolchain/bin/../lib/gcc/arm-none-eabi/4.9.3/../../../../arm-none-eabi/lib/armv6-m\libm.a(lib_a-s_fpclassify.o)
                0x000064d4                __fpclassifyd
 .text.matherr  0x00006530        0x4 c:/program files (x86)/atmel/studio/7.0/toolchain/arm/arm-gnu-toolchain/bin/../lib/gcc/arm-none-eabi/4.9.3/../../../../arm-none-eabi/lib/armv6-m\libm.a(lib_a-s_matherr.o)
                0x00006530                matherr
 .text.nan      0x00006534        0xc c:/program files (x86)/atmel/studio/7.0/toolchain/arm/arm-gnu-toolchain/bin/../lib/gcc/arm-none-eabi/4.9.3/../../../../arm-none-eabi/lib/armv6-m\libm.a(lib_a-s_nan.o)
                0x00006534                nan
 .text.rint     0x00006540      0x144 c:/program files (x86)/atmel/studio/7.0/toolchain/arm/arm-gnu-toolchain/bin/../lib/gcc/arm-none-eabi/4.9.3/../../../../arm-none-eabi/lib/armv6-m\libm.a(lib_a-s_rint.o)
                0x00006540                rint
 .text.scalbn   0x00006684       0xf8 c:/program files (x86)/atmel/studio/7.0/toolchain/arm/arm-gnu-toolchain/bin/../lib/gcc/arm-none-eabi/4.9.3/../../../../arm-none-eabi/lib/armv6-m\libm.a(lib_a-s_scalbn.o)
                0x00006684                scalbn
 .text.copysign
                0x0000677c       0x10 c:/program files (x86)/atmel/studio/7.0/toolchain/arm/arm-gnu-toolchain/bin/../lib/gcc/arm-none-eabi/4.9.3/../../../../arm-none-eabi/lib/armv6-m\libm.a(lib_a-s_copysign.o)
                0x0000677c                copysign
 .text          0x0000678c      0x120 c:/program files (x86)/atmel/studio/7.0/toolchain/arm/arm-gnu-toolchain/bin/../lib/gcc/arm-none-eabi/4.9.3/armv6-m\libgcc.a(_udivsi3.o)
                0x0000678c                __aeabi_uidiv
                0x0000678c                __udivsi3
                0x00006898                __aeabi_uidivmod
 .text          0x000068ac      0x1e0 c:/program files (x86)/atmel/studio/7.0/toolchain/arm/arm-gnu-toolchain/bin/../lib/gcc/arm-none-eabi/4.9.3/armv6-m\libgcc.a(_divsi3.o)
                0x000068ac                __divsi3
                0x000068ac                __aeabi_idiv
                0x00006a78                __aeabi_idivmod
 .text          0x00006a8c        0x4 c:/program files (x86)/atmel/studio/7.0/toolchain/arm/arm-gnu-toolchain/bin/../lib/gcc/arm-none-eabi/4.9.3/armv6-m\libgcc.a(_dvmd_tls.o)
                0x00006a8c                __aeabi_idiv0
                0x00006a8c                __aeabi_ldiv0
 .text          0x00006a90       0x7c c:/program files (x86)/atmel/studio/7.0/toolchain/arm/arm-gnu-toolchain/bin/../lib/gcc/arm-none-eabi/4.9.3/armv6-m\libgcc.a(_arm_cmpdf2.o)
                0x00006a90                __aeabi_cdrcmple
                0x00006aa0                __aeabi_cdcmple
                0x00006aa0                __aeabi_cdcmpeq
                0x00006ab0                __aeabi_dcmpeq
                0x00006abc                __aeabi_dcmplt
                0x00006ad0                __aeabi_dcmple
                0x00006ae4                __aeabi_dcmpgt
                0x00006af8                __aeabi_dcmpge
 .text          0x00006b0c       0x40 c:/program files (x86)/atmel/studio/7.0/toolchain/arm/arm-gnu-toolchain/bin/../lib/gcc/arm-none-eabi/4.9.3/armv6-m\libgcc.a(_aeabi_uldivmod.o)
                0x00006b0c                __aeabi_uldivmod
 .text          0x00006b4c       0x54 c:/program files (x86)/atmel/studio/7.0/toolchain/arm/arm-gnu-toolchain/bin/../lib/gcc/arm-none-eabi/4.9.3/armv6-m\libgcc.a(_muldi3.o)
                0x00006b4c                __muldi3
                0x00006b4c                __aeabi_lmul
 .text          0x00006ba0       0x30 c:/program files (x86)/atmel/studio/7.0/toolchain/arm/arm-gnu-toolchain/bin/../lib/gcc/arm-none-eabi/4.9.3/armv6-m\libgcc.a(_fixunssfsi.o)
                0x00006ba0                __fixunssfsi
                0x00006ba0                __aeabi_f2uiz
 .text          0x00006bd0       0x3c c:/program files (x86)/atmel/studio/7.0/toolchain/arm/arm-gnu-toolchain/bin/../lib/gcc/arm-none-eabi/4.9.3/armv6-m\libgcc.a(_fixunsdfsi.o)
                0x00006bd0                __aeabi_d2uiz
                0x00006bd0                __fixunsdfsi
 .text          0x00006c0c       0x6c c:/program files (x86)/atmel/studio/7.0/toolchain/arm/arm-gnu-toolchain/bin/../lib/gcc/arm-none-eabi/4.9.3/armv6-m\libgcc.a(bpabi.o)
                0x00006c0c                __gnu_ldivmod_helper
                0x00006c44                __gnu_uldivmod_helper
 .text          0x00006c78      0x2f8 c:/program files (x86)/atmel/studio/7.0/toolchain/arm/arm-gnu-toolchain/bin/../lib/gcc/arm-none-eabi/4.9.3/armv6-m\libgcc.a(addsf3.o)
                0x00006c78                __aeabi_fadd
 .text          0x00006f70      0x270 c:/program files (x86)/atmel/studio/7.0/toolchain/arm/arm-gnu-toolchain/bin/../lib/gcc/arm-none-eabi/4.9.3/armv6-m\libgcc.a(divsf3.o)
                0x00006f70                __aeabi_fdiv
 .text          0x000071e0      0x264 c:/program files (x86)/atmel/studio/7.0/toolchain/arm/arm-gnu-toolchain/bin/../lib/gcc/arm-none-eabi/4.9.3/armv6-m\libgcc.a(mulsf3.o)
                0x000071e0                __aeabi_fmul
 .text          0x00007444      0x2fc c:/program files (x86)/atmel/studio/7.0/toolchain/arm/arm-gnu-toolchain/bin/../lib/gcc/arm-none-eabi/4.9.3/armv6-m\libgcc.a(subsf3.o)
                0x00007444                __aeabi_fsub
 .text          0x00007740       0x40 c:/program files (x86)/atmel/studio/7.0/toolchain/arm/arm-gnu-toolchain/bin/../lib/gcc/arm-none-eabi/4.9.3/armv6-m\libgcc.a(fixsfsi.o)
                0x00007740                __aeabi_f2iz
 .text          0x00007780       0x90 c:/program files (x86)/atmel/studio/7.0/toolchain/arm/arm-gnu-toolchain/bin/../lib/gcc/arm-none-eabi/4.9.3/armv6-m\libgcc.a(floatunsisf.o)
                0x00007780                __aeabi_ui2f
 .text          0x00007810      0x650 c:/program files (x86)/atmel/studio/7.0/toolchain/arm/arm-gnu-toolchain/bin/../lib/gcc/arm-none-eabi/4.9.3/armv6-m\libgcc.a(adddf3.o)
                0x00007810                __aeabi_dadd
 .text          0x00007e60      0x648 c:/program files (x86)/atmel/studio/7.0/toolchain/arm/arm-gnu-toolchain/bin/../lib/gcc/arm-none-eabi/4.9.3/armv6-m\libgcc.a(divdf3.o)
                0x00007e60                __aeabi_ddiv
 .text          0x000084a8       0x88 c:/program files (x86)/atmel/studio/7.0/toolchain/arm/arm-gnu-toolchain/bin/../lib/gcc/arm-none-eabi/4.9.3/armv6-m\libgcc.a(eqdf2.o)
                0x000084a8                __nedf2
                0x000084a8                __eqdf2
 .text          0x00008530       0xe0 c:/program files (x86)/atmel/studio/7.0/toolchain/arm/arm-gnu-toolchain/bin/../lib/gcc/arm-none-eabi/4.9.3/armv6-m\libgcc.a(gedf2.o)
                0x00008530                __gedf2
                0x00008530                __gtdf2
 .text          0x00008610       0xcc c:/program files (x86)/atmel/studio/7.0/toolchain/arm/arm-gnu-toolchain/bin/../lib/gcc/arm-none-eabi/4.9.3/armv6-m\libgcc.a(ledf2.o)
                0x00008610                __ledf2
                0x00008610                __ltdf2
 .text          0x000086dc      0x534 c:/program files (x86)/atmel/studio/7.0/toolchain/arm/arm-gnu-toolchain/bin/../lib/gcc/arm-none-eabi/4.9.3/armv6-m\libgcc.a(muldf3.o)
                0x000086dc                __aeabi_dmul
 .text          0x00008c10      0x6f4 c:/program files (x86)/atmel/studio/7.0/toolchain/arm/arm-gnu-toolchain/bin/../lib/gcc/arm-none-eabi/4.9.3/armv6-m\libgcc.a(subdf3.o)
                0x00008c10                __aeabi_dsub
 .text          0x00009304       0x6c c:/program files (x86)/atmel/studio/7.0/toolchain/arm/arm-gnu-toolchain/bin/../lib/gcc/arm-none-eabi/4.9.3/armv6-m\libgcc.a(fixdfsi.o)
                0x00009304                __aeabi_d2iz
 .text          0x00009370       0x78 c:/program files (x86)/atmel/studio/7.0/toolchain/arm/arm-gnu-toolchain/bin/../lib/gcc/arm-none-eabi/4.9.3/armv6-m\libgcc.a(floatsidf.o)
                0x00009370                __aeabi_i2d
 .text          0x000093e8       0x64 c:/program files (x86)/atmel/studio/7.0/toolchain/arm/arm-gnu-toolchain/bin/../lib/gcc/arm-none-eabi/4.9.3/armv6-m\libgcc.a(floatunsidf.o)
                0x000093e8                __aeabi_ui2d
 .text          0x0000944c       0x74 c:/program files (x86)/atmel/studio/7.0/toolchain/arm/arm-gnu-toolchain/bin/../lib/gcc/arm-none-eabi/4.9.3/armv6-m\libgcc.a(_arm_cmpsf2.o)
                0x0000944c                __aeabi_cfrcmple
                0x00009454                __aeabi_cfcmpeq
                0x00009454                __aeabi_cfcmple
                0x00009464                __aeabi_fcmpeq
                0x00009470                __aeabi_fcmplt
                0x00009484                __aeabi_fcmple
                0x00009498                __aeabi_fcmpgt
                0x000094ac                __aeabi_fcmpge
 .text          0x000094c0       0x3c c:/program files (x86)/atmel/studio/7.0/toolchain/arm/arm-gnu-toolchain/bin/../lib/gcc/arm-none-eabi/4.9.3/armv6-m\libgcc.a(_clzsi2.o)
                0x000094c0                __clzsi2
 .text          0x000094fc      0x1f0 c:/program files (x86)/atmel/studio/7.0/toolchain/arm/arm-gnu-toolchain/bin/../lib/gcc/arm-none-eabi/4.9.3/armv6-m\libgcc.a(_divdi3.o)
                0x000094fc                __divdi3
 .text          0x000096ec      0x158 c:/program files (x86)/atmel/studio/7.0/toolchain/arm/arm-gnu-toolchain/bin/../lib/gcc/arm-none-eabi/4.9.3/armv6-m\libgcc.a(_udivdi3.o)
                0x000096ec                __udivdi3
 .text          0x00009844       0x54 c:/program files (x86)/atmel/studio/7.0/toolchain/arm/arm-gnu-toolchain/bin/../lib/gcc/arm-none-eabi/4.9.3/armv6-m\libgcc.a(eqsf2.o)
                0x00009844                __eqsf2
                0x00009844                __nesf2
 .text          0x00009898       0x94 c:/program files (x86)/atmel/studio/7.0/toolchain/arm/arm-gnu-toolchain/bin/../lib/gcc/arm-none-eabi/4.9.3/armv6-m\libgcc.a(gesf2.o)
                0x00009898                __gesf2
                0x00009898                __gtsf2
 .text          0x0000992c       0x8c c:/program files (x86)/atmel/studio/7.0/toolchain/arm/arm-gnu-toolchain/bin/../lib/gcc/arm-none-eabi/4.9.3/armv6-m\libgcc.a(lesf2.o)
                0x0000992c                __ltsf2
                0x0000992c                __lesf2
 .text          0x000099b8       0x18 c:/program files (x86)/atmel/studio/7.0/toolchain/arm/arm-gnu-toolchain/bin/../lib/gcc/arm-none-eabi/4.9.3/armv6-m\libgcc.a(_clzdi2.o)
                0x000099b8                __clzdi2
 .text.__errno  0x000099d0        0xc c:/program files (x86)/atmel/studio/7.0/toolchain/arm/arm-gnu-toolchain/bin/../lib/gcc/arm-none-eabi/4.9.3/../../../../arm-none-eabi/lib/armv6-m\libc_nano.a(lib_a-errno.o)
                0x000099d0                __errno
 .text.__libc_init_array
                0x000099dc       0x4c c:/program files (x86)/atmel/studio/7.0/toolchain/arm/arm-gnu-toolchain/bin/../lib/gcc/arm-none-eabi/4.9.3/../../../../arm-none-eabi/lib/armv6-m\libc_nano.a(lib_a-init.o)
                0x000099dc                __libc_init_array
 .text.memcpy   0x00009a28       0x12 c:/program files (x86)/atmel/studio/7.0/toolchain/arm/arm-gnu-toolchain/bin/../lib/gcc/arm-none-eabi/4.9.3/../../../../arm-none-eabi/lib/armv6-m\libc_nano.a(lib_a-memcpy.o)
                0x00009a28                memcpy
 *fill*         0x00009a3a        0x2 
 .text._vsprintf_r
                0x00009a3c       0x30 c:/program files (x86)/atmel/studio/7.0/toolchain/arm/arm-gnu-toolchain/bin/../lib/gcc/arm-none-eabi/4.9.3/../../../../arm-none-eabi/lib/armv6-m\libc_nano.a(lib_a-vsprintf.o)
                0x00009a3c                _vsprintf_r
                0x00009a3c                _vsiprintf_r
 .text.vsprintf
                0x00009a6c       0x1c c:/program files (x86)/atmel/studio/7.0/toolchain/arm/arm-gnu-toolchain/bin/../lib/gcc/arm-none-eabi/4.9.3/../../../../arm-none-eabi/lib/armv6-m\libc_nano.a(lib_a-vsprintf.o)
                0x00009a6c                vsiprintf
                0x00009a6c                vsprintf
 .text._malloc_r
                0x00009a88       0xb0 c:/program files (x86)/atmel/studio/7.0/toolchain/arm/arm-gnu-toolchain/bin/../lib/gcc/arm-none-eabi/4.9.3/../../../../arm-none-eabi/lib/armv6-m\libc_nano.a(lib_a-nano-mallocr.o)
                0x00009a88                _malloc_r
 .text.__ssputs_r
                0x00009b38       0xc0 c:/program files (x86)/atmel/studio/7.0/toolchain/arm/arm-gnu-toolchain/bin/../lib/gcc/arm-none-eabi/4.9.3/../../../../arm-none-eabi/lib/armv6-m\libc_nano.a(lib_a-nano-svfprintf.o)
                0x00009b38                __ssputs_r
 .text._svfprintf_r
                0x00009bf8      0x1ec c:/program files (x86)/atmel/studio/7.0/toolchain/arm/arm-gnu-toolchain/bin/../lib/gcc/arm-none-eabi/4.9.3/../../../../arm-none-eabi/lib/armv6-m\libc_nano.a(lib_a-nano-svfprintf.o)
                0x00009bf8                _svfiprintf_r
                0x00009bf8                _svfprintf_r
 .text._printf_common
                0x00009de4       0xdc c:/program files (x86)/atmel/studio/7.0/toolchain/arm/arm-gnu-toolchain/bin/../lib/gcc/arm-none-eabi/4.9.3/../../../../arm-none-eabi/lib/armv6-m\libc_nano.a(lib_a-nano-vfprintf_i.o)
                0x00009de4                _printf_common
 .text._printf_i
                0x00009ec0      0x230 c:/program files (x86)/atmel/studio/7.0/toolchain/arm/arm-gnu-toolchain/bin/../lib/gcc/arm-none-eabi/4.9.3/../../../../arm-none-eabi/lib/armv6-m\libc_nano.a(lib_a-nano-vfprintf_i.o)
                0x00009ec0                _printf_i
 .text._sbrk_r  0x0000a0f0       0x24 c:/program files (x86)/atmel/studio/7.0/toolchain/arm/arm-gnu-toolchain/bin/../lib/gcc/arm-none-eabi/4.9.3/../../../../arm-none-eabi/lib/armv6-m\libc_nano.a(lib_a-sbrkr.o)
                0x0000a0f0                _sbrk_r
 .text.memchr   0x0000a114       0x16 c:/program files (x86)/atmel/studio/7.0/toolchain/arm/arm-gnu-toolchain/bin/../lib/gcc/arm-none-eabi/4.9.3/../../../../arm-none-eabi/lib/armv6-m\libc_nano.a(lib_a-memchr.o)
                0x0000a114                memchr
 .text.memmove  0x0000a12a       0x28 c:/program files (x86)/atmel/studio/7.0/toolchain/arm/arm-gnu-toolchain/bin/../lib/gcc/arm-none-eabi/4.9.3/../../../../arm-none-eabi/lib/armv6-m\libc_nano.a(lib_a-memmove.o)
                0x0000a12a                memmove
 *fill*         0x0000a152        0x2 
 .text._free_r  0x0000a154       0x8c c:/program files (x86)/atmel/studio/7.0/toolchain/arm/arm-gnu-toolchain/bin/../lib/gcc/arm-none-eabi/4.9.3/../../../../arm-none-eabi/lib/armv6-m\libc_nano.a(lib_a-nano-freer.o)
                0x0000a154                _free_r
 .text._realloc_r
                0x0000a1e0       0x4c c:/program files (x86)/atmel/studio/7.0/toolchain/arm/arm-gnu-toolchain/bin/../lib/gcc/arm-none-eabi/4.9.3/../../../../arm-none-eabi/lib/armv6-m\libc_nano.a(lib_a-nano-reallocr.o)
                0x0000a1e0                _realloc_r
 .text._malloc_usable_size_r
                0x0000a22c       0x16 c:/program files (x86)/atmel/studio/7.0/toolchain/arm/arm-gnu-toolchain/bin/../lib/gcc/arm-none-eabi/4.9.3/../../../../arm-none-eabi/lib/armv6-m\libc_nano.a(lib_a-nano-msizer.o)
                0x0000a22c                _malloc_usable_size_r
 *(.glue_7t)
 .glue_7t       0x00000000        0x0 linker stubs
 *(.glue_7)
 .glue_7        0x00000000        0x0 linker stubs
 *(.rodata .rodata* .gnu.linkonce.r.*)
 *fill*         0x0000a242        0x2 
 .rodata.at25dfx_chip_check_presence
                0x0000a244       0x28 src/ASF/common2/components/memory/serial_flash/at25dfx/at25dfx.o
 .rodata.at25dfx_chip_read_buffer
                0x0000a26c       0x28 src/ASF/common2/components/memory/serial_flash/at25dfx/at25dfx.o
 .rodata.at25dfx_chip_write_buffer
                0x0000a294       0x28 src/ASF/common2/components/memory/serial_flash/at25dfx/at25dfx.o
 .rodata.at25dfx_chip_erase_block
                0x0000a2bc       0x28 src/ASF/common2/components/memory/serial_flash/at25dfx/at25dfx.o
 .rodata        0x0000a2e4       0x18 src/ASF/sam0/drivers/sercom/sercom.o
 .rodata.str1.4
                0x0000a2fc      0x1e7 src/Gambi.o
 *fill*         0x0000a4e3        0x1 
 .rodata.str1.4
                0x0000a4e4      0x432 src/main.o
                                0x442 (size before relaxing)
 *fill*         0x0000a916        0x2 
 .rodata.str1.4
                0x0000a918     0x13b8 src/PID_interpreter.o
                               0x146c (size before relaxing)
 .rodata        0x0000bcd0        0x6 src/ASF/sam0/drivers/sercom/sercom_interrupt.o
 *fill*         0x0000bcd6        0x2 
 .rodata.system_clock_source_get_hz
                0x0000bcd8       0x24 src/ASF/sam0/drivers/system/clock/clock_samd21_r21_da/clock.o
 .rodata.system_clock_source_enable
                0x0000bcfc       0x24 src/ASF/sam0/drivers/system/clock/clock_samd21_r21_da/clock.o
 .rodata.str1.4
                0x0000bd20        0x4 c:/program files (x86)/atmel/studio/7.0/toolchain/arm/arm-gnu-toolchain/bin/../lib/gcc/arm-none-eabi/4.9.3/../../../../arm-none-eabi/lib/armv6-m\libm.a(lib_a-w_pow.o)
 *fill*         0x0000bd24        0x4 
 .rodata.dp_h   0x0000bd28       0x10 c:/program files (x86)/atmel/studio/7.0/toolchain/arm/arm-gnu-toolchain/bin/../lib/gcc/arm-none-eabi/4.9.3/../../../../arm-none-eabi/lib/armv6-m\libm.a(lib_a-e_pow.o)
 .rodata.dp_l   0x0000bd38       0x10 c:/program files (x86)/atmel/studio/7.0/toolchain/arm/arm-gnu-toolchain/bin/../lib/gcc/arm-none-eabi/4.9.3/../../../../arm-none-eabi/lib/armv6-m\libm.a(lib_a-e_pow.o)
 .rodata.bp     0x0000bd48       0x10 c:/program files (x86)/atmel/studio/7.0/toolchain/arm/arm-gnu-toolchain/bin/../lib/gcc/arm-none-eabi/4.9.3/../../../../arm-none-eabi/lib/armv6-m\libm.a(lib_a-e_pow.o)
 .rodata.str1.4
                0x00000000        0x4 c:/program files (x86)/atmel/studio/7.0/toolchain/arm/arm-gnu-toolchain/bin/../lib/gcc/arm-none-eabi/4.9.3/../../../../arm-none-eabi/lib/armv6-m\libm.a(lib_a-e_pow.o)
                                  0x1 (size before relaxing)
 .rodata.TWO52  0x0000bd58       0x10 c:/program files (x86)/atmel/studio/7.0/toolchain/arm/arm-gnu-toolchain/bin/../lib/gcc/arm-none-eabi/4.9.3/../../../../arm-none-eabi/lib/armv6-m\libm.a(lib_a-s_rint.o)
 .rodata        0x0000bd68       0x80 c:/program files (x86)/atmel/studio/7.0/toolchain/arm/arm-gnu-toolchain/bin/../lib/gcc/arm-none-eabi/4.9.3/armv6-m\libgcc.a(divsf3.o)
 .rodata        0x0000bde8       0x40 c:/program files (x86)/atmel/studio/7.0/toolchain/arm/arm-gnu-toolchain/bin/../lib/gcc/arm-none-eabi/4.9.3/armv6-m\libgcc.a(mulsf3.o)
 .rodata        0x0000be28       0x40 c:/program files (x86)/atmel/studio/7.0/toolchain/arm/arm-gnu-toolchain/bin/../lib/gcc/arm-none-eabi/4.9.3/armv6-m\libgcc.a(divdf3.o)
 .rodata        0x0000be68       0x40 c:/program files (x86)/atmel/studio/7.0/toolchain/arm/arm-gnu-toolchain/bin/../lib/gcc/arm-none-eabi/4.9.3/armv6-m\libgcc.a(muldf3.o)
 .rodata.str1.1
                0x0000bea8        0x2 c:/program files (x86)/atmel/studio/7.0/toolchain/arm/arm-gnu-toolchain/bin/../lib/gcc/arm-none-eabi/4.9.3/../../../../arm-none-eabi/lib/armv6-m\libc_nano.a(lib_a-impure.o)
 *fill*         0x0000beaa        0x2 
 .rodata.__sf_fake_stdin
                0x0000beac       0x20 c:/program files (x86)/atmel/studio/7.0/toolchain/arm/arm-gnu-toolchain/bin/../lib/gcc/arm-none-eabi/4.9.3/../../../../arm-none-eabi/lib/armv6-m\libc_nano.a(lib_a-findfp.o)
                0x0000beac                __sf_fake_stdin
 .rodata.__sf_fake_stdout
                0x0000becc       0x20 c:/program files (x86)/atmel/studio/7.0/toolchain/arm/arm-gnu-toolchain/bin/../lib/gcc/arm-none-eabi/4.9.3/../../../../arm-none-eabi/lib/armv6-m\libc_nano.a(lib_a-findfp.o)
                0x0000becc                __sf_fake_stdout
 .rodata.__sf_fake_stderr
                0x0000beec       0x20 c:/program files (x86)/atmel/studio/7.0/toolchain/arm/arm-gnu-toolchain/bin/../lib/gcc/arm-none-eabi/4.9.3/../../../../arm-none-eabi/lib/armv6-m\libc_nano.a(lib_a-findfp.o)
                0x0000beec                __sf_fake_stderr
 .rodata.str1.1
                0x0000bf0c       0x11 c:/program files (x86)/atmel/studio/7.0/toolchain/arm/arm-gnu-toolchain/bin/../lib/gcc/arm-none-eabi/4.9.3/../../../../arm-none-eabi/lib/armv6-m\libc_nano.a(lib_a-nano-svfprintf.o)
 .rodata.str1.1
                0x0000bf1d       0x22 c:/program files (x86)/atmel/studio/7.0/toolchain/arm/arm-gnu-toolchain/bin/../lib/gcc/arm-none-eabi/4.9.3/../../../../arm-none-eabi/lib/armv6-m\libc_nano.a(lib_a-nano-vfprintf_i.o)
 *(.ARM.extab* .gnu.linkonce.armextab.*)
                0x0000bf40                . = ALIGN (0x4)
 *fill*         0x0000bf3f        0x1 
 *(.init)
 .init          0x0000bf40        0x4 c:/program files (x86)/atmel/studio/7.0/toolchain/arm/arm-gnu-toolchain/bin/../lib/gcc/arm-none-eabi/4.9.3/armv6-m/crti.o
                0x0000bf40                _init
 .init          0x0000bf44        0x8 c:/program files (x86)/atmel/studio/7.0/toolchain/arm/arm-gnu-toolchain/bin/../lib/gcc/arm-none-eabi/4.9.3/armv6-m/crtn.o
                0x0000bf4c                . = ALIGN (0x4)
                0x0000bf4c                __preinit_array_start = .
 *(.preinit_array)
                0x0000bf4c                __preinit_array_end = .
                0x0000bf4c                . = ALIGN (0x4)
                0x0000bf4c                __init_array_start = .
 *(SORT(.init_array.*))
 *(.init_array)
 .init_array    0x0000bf4c        0x4 c:/program files (x86)/atmel/studio/7.0/toolchain/arm/arm-gnu-toolchain/bin/../lib/gcc/arm-none-eabi/4.9.3/armv6-m/crtbegin.o
                0x0000bf50                __init_array_end = .
                0x0000bf50                . = ALIGN (0x4)
 *crtbegin.o(.ctors)
 *(EXCLUDE_FILE(*crtend.o) .ctors)
 *(SORT(.ctors.*))
 *crtend.o(.ctors)
                0x0000bf50                . = ALIGN (0x4)
 *(.fini)
 .fini          0x0000bf50        0x4 c:/program files (x86)/atmel/studio/7.0/toolchain/arm/arm-gnu-toolchain/bin/../lib/gcc/arm-none-eabi/4.9.3/armv6-m/crti.o
                0x0000bf50                _fini
 .fini          0x0000bf54        0x8 c:/program files (x86)/atmel/studio/7.0/toolchain/arm/arm-gnu-toolchain/bin/../lib/gcc/arm-none-eabi/4.9.3/armv6-m/crtn.o
                0x0000bf5c                . = ALIGN (0x4)
                0x0000bf5c                __fini_array_start = .
 *(.fini_array)
 .fini_array    0x0000bf5c        0x4 c:/program files (x86)/atmel/studio/7.0/toolchain/arm/arm-gnu-toolchain/bin/../lib/gcc/arm-none-eabi/4.9.3/armv6-m/crtbegin.o
 *(SORT(.fini_array.*))
                0x0000bf60                __fini_array_end = .
 *crtbegin.o(.dtors)
 *(EXCLUDE_FILE(*crtend.o) .dtors)
 *(SORT(.dtors.*))
 *crtend.o(.dtors)
                0x0000bf60                . = ALIGN (0x4)
                0x0000bf60                _efixed = .
                0x0000bf60                PROVIDE (__exidx_start, .)

.vfp11_veneer   0x0000bf60        0x0
 .vfp11_veneer  0x00000000        0x0 linker stubs

.v4_bx          0x0000bf60        0x0
 .v4_bx         0x00000000        0x0 linker stubs

.iplt           0x0000bf60        0x0
 .iplt          0x00000000        0x0 c:/program files (x86)/atmel/studio/7.0/toolchain/arm/arm-gnu-toolchain/bin/../lib/gcc/arm-none-eabi/4.9.3/armv6-m/crtbegin.o

.ARM.exidx      0x0000bf60        0x8
 *(.ARM.exidx* .gnu.linkonce.armexidx.*)
 .ARM.exidx     0x0000bf60        0x8 c:/program files (x86)/atmel/studio/7.0/toolchain/arm/arm-gnu-toolchain/bin/../lib/gcc/arm-none-eabi/4.9.3/armv6-m\libgcc.a(_divdi3.o)
 .ARM.exidx     0x0000bf68        0x0 c:/program files (x86)/atmel/studio/7.0/toolchain/arm/arm-gnu-toolchain/bin/../lib/gcc/arm-none-eabi/4.9.3/armv6-m\libgcc.a(_udivdi3.o)
                                  0x8 (size before relaxing)
                0x0000bf68                PROVIDE (__exidx_end, .)

.eh_frame       0x0000bf68        0x0
 .eh_frame      0x0000bf68        0x0 c:/program files (x86)/atmel/studio/7.0/toolchain/arm/arm-gnu-toolchain/bin/../lib/gcc/arm-none-eabi/4.9.3/armv6-m/crtbegin.o

.rel.dyn        0x0000bf68        0x0
 .rel.iplt      0x00000000        0x0 c:/program files (x86)/atmel/studio/7.0/toolchain/arm/arm-gnu-toolchain/bin/../lib/gcc/arm-none-eabi/4.9.3/armv6-m/crtbegin.o

.jcr            0x0000bf68        0x0
 .jcr           0x0000bf68        0x0 c:/program files (x86)/atmel/studio/7.0/toolchain/arm/arm-gnu-toolchain/bin/../lib/gcc/arm-none-eabi/4.9.3/armv6-m/crtbegin.o

.igot.plt       0x0000bf68        0x0
 .igot.plt      0x00000000        0x0 c:/program files (x86)/atmel/studio/7.0/toolchain/arm/arm-gnu-toolchain/bin/../lib/gcc/arm-none-eabi/4.9.3/armv6-m/crtbegin.o
                0x0000bf68                . = ALIGN (0x4)
                0x0000bf68                _etext = .

.relocate       0x20000000      0x12c load address 0x0000bf68
                0x20000000                . = ALIGN (0x4)
                0x20000000                _srelocate = .
 *(.ramfunc .ramfunc.*)
 .ramfunc       0x20000000        0xc src/ASF/common2/services/delay/sam0/cycle_counter.o
                0x20000000                portable_delay_cycles
 *(.data .data.*)
 .data.flashMemWrited
                0x2000000c        0x1 src/Gambi.o
                0x2000000c                flashMemWrited
 *fill*         0x2000000d        0x3 
 .data.moreSpeed
                0x20000010       0x1a src/main.o
                0x20000010                moreSpeed
 .data.RPM_Salvo
                0x2000002a        0x2 src/main.o
                0x2000002a                RPM_Salvo
 .data.PID00_struct
                0x2000002c        0x8 src/OBDII-std.o
                0x2000002c                PID00_struct
 .data.PID1C_struct
                0x20000034        0x8 src/OBDII-std.o
                0x20000034                PID1C_struct
 .data.PID01_struct
                0x2000003c        0x8 src/OBDII-std.o
                0x2000003c                PID01_struct
 .data.PID34_struct
                0x20000044        0x8 src/OBDII-std.o
                0x20000044                PID34_struct
 .data.PID03_struct
                0x2000004c        0x8 src/OBDII-std.o
                0x2000004c                PID03_struct
 .data.PID11_struct
                0x20000054        0x8 src/OBDII-std.o
                0x20000054                PID11_struct
 .data.PID04_struct
                0x2000005c        0x8 src/OBDII-std.o
                0x2000005c                PID04_struct
 .data.PID0B_struct
                0x20000064        0x8 src/OBDII-std.o
                0x20000064                PID0B_struct
 .data.PID06_struct
                0x2000006c        0x8 src/OBDII-std.o
                0x2000006c                PID06_struct
 .data.PID05_struct
                0x20000074        0x8 src/OBDII-std.o
                0x20000074                PID05_struct
 .data.PID07_struct
                0x2000007c        0x8 src/OBDII-std.o
                0x2000007c                PID07_struct
 .data.PID0C_struct
                0x20000084        0x8 src/OBDII-std.o
                0x20000084                PID0C_struct
 .data.PID0D_struct
                0x2000008c        0x8 src/OBDII-std.o
                0x2000008c                PID0D_struct
 .data.PID21_struct
                0x20000094        0x8 src/OBDII-std.o
                0x20000094                PID21_struct
 .data.PID13_struct
                0x2000009c        0x8 src/OBDII-std.o
                0x2000009c                PID13_struct
 .data.PID0E_struct
                0x200000a4        0x8 src/OBDII-std.o
                0x200000a4                PID0E_struct
 .data.PID0F_struct
                0x200000ac        0x8 src/OBDII-std.o
                0x200000ac                PID0F_struct
 .data.PID20_struct
                0x200000b4        0x8 src/OBDII-std.o
                0x200000b4                PID20_struct
 .data.PID15_struct
                0x200000bc        0x8 src/OBDII-std.o
                0x200000bc                PID15_struct
 .data.g_interrupt_enabled
                0x200000c4        0x1 src/ASF/common/utils/interrupt/interrupt_sam_nvic.o
                0x200000c4                g_interrupt_enabled
 .data.__fdlib_version
                0x200000c5        0x1 c:/program files (x86)/atmel/studio/7.0/toolchain/arm/arm-gnu-toolchain/bin/../lib/gcc/arm-none-eabi/4.9.3/../../../../arm-none-eabi/lib/armv6-m\libm.a(lib_a-s_lib_ver.o)
                0x200000c5                __fdlib_version
 *fill*         0x200000c6        0x2 
 .data.impure_data
                0x200000c8       0x60 c:/program files (x86)/atmel/studio/7.0/toolchain/arm/arm-gnu-toolchain/bin/../lib/gcc/arm-none-eabi/4.9.3/../../../../arm-none-eabi/lib/armv6-m\libc_nano.a(lib_a-impure.o)
 .data._impure_ptr
                0x20000128        0x4 c:/program files (x86)/atmel/studio/7.0/toolchain/arm/arm-gnu-toolchain/bin/../lib/gcc/arm-none-eabi/4.9.3/../../../../arm-none-eabi/lib/armv6-m\libc_nano.a(lib_a-impure.o)
                0x20000128                _impure_ptr
                0x2000012c                . = ALIGN (0x4)
                0x2000012c                _erelocate = .

.bss            0x2000012c      0x4cc load address 0x0000c094
                0x2000012c                . = ALIGN (0x4)
                0x2000012c                _sbss = .
                0x2000012c                _szero = .
 *(.bss .bss.*)
 .bss           0x2000012c       0x1c c:/program files (x86)/atmel/studio/7.0/toolchain/arm/arm-gnu-toolchain/bin/../lib/gcc/arm-none-eabi/4.9.3/armv6-m/crtbegin.o
 .bss._sercom_config
                0x20000148        0x2 src/ASF/sam0/drivers/sercom/sercom.o
 .bss.timingShift
                0x2000014a        0x2 src/Gambi.o
                0x2000014a                timingShift
 .bss.shiftLight
                0x2000014c        0x1 src/main.o
                0x2000014c                shiftLight
 .bss.refresh   0x2000014d        0x1 src/main.o
                0x2000014d                refresh
 .bss.error     0x2000014e        0x1 src/main.o
                0x2000014e                error
 .bss.op        0x2000014f        0x1 src/main.o
                0x2000014f                op
 .bss.lightShift
                0x20000150        0x1 src/main.o
                0x20000150                lightShift
 .bss.errorInit
                0x20000151        0x1 src/main.o
                0x20000151                errorInit
 .bss.restart   0x20000152        0x1 src/main.o
                0x20000152                restart
 .bss._handler_table_initialized
                0x20000153        0x1 src/ASF/sam0/drivers/sercom/sercom_interrupt.o
 .bss._sercom_interrupt_handlers
                0x20000154       0x18 src/ASF/sam0/drivers/sercom/sercom_interrupt.o
 .bss.cpu_irq_critical_section_counter
                0x2000016c        0x4 src/ASF/common/utils/interrupt/interrupt_sam_nvic.o
 .bss.cpu_irq_prev_interrupt_state
                0x20000170        0x1 src/ASF/common/utils/interrupt/interrupt_sam_nvic.o
 *fill*         0x20000171        0x3 
 .bss._system_clock_inst
                0x20000174       0x18 src/ASF/sam0/drivers/system/clock/clock_samd21_r21_da/clock.o
 .bss.heap.5211
                0x2000018c        0x4 src/ASF/sam0/utils/syscalls/gcc/syscalls.o
 .bss.__malloc_sbrk_start
                0x20000190        0x4 c:/program files (x86)/atmel/studio/7.0/toolchain/arm/arm-gnu-toolchain/bin/../lib/gcc/arm-none-eabi/4.9.3/../../../../arm-none-eabi/lib/armv6-m\libc_nano.a(lib_a-nano-mallocr.o)
                0x20000190                __malloc_sbrk_start
 .bss.__malloc_free_list
                0x20000194        0x4 c:/program files (x86)/atmel/studio/7.0/toolchain/arm/arm-gnu-toolchain/bin/../lib/gcc/arm-none-eabi/4.9.3/../../../../arm-none-eabi/lib/armv6-m\libc_nano.a(lib_a-nano-mallocr.o)
                0x20000194                __malloc_free_list
 *(COMMON)
 COMMON         0x20000198       0xb4 src/Gambi.o
                0x20000198                uart_OBD
                0x200001cc                PIDTable
                0x200001d0                uart_com
                0x20000204                dataReceived
                0x20000208                at25dfx_chip
                0x20000210                at25dfx_spi
 COMMON         0x2000024c      0x13e src/main.o
                0x2000024c                aux_current_state
                0x2000024d                softError
                0x2000024e                pid_OBD_std_pt
                0x2000024f                OBD_std_flag
                0x20000250                pt2
                0x20000254                PIDmonitor
                0x20000272                loop
                0x20000274                PID
                0x20000275                current_state
                0x20000276                receiveString_flag
                0x20000277                arg_receiveString_pt
                0x20000278                pt4
                0x2000027a                protocolo_OBD_std_pt
                0x2000027c                pt3
                0x2000027e                manager_flag
                0x20000280                pt1
                0x20000282                service_OBD_std_pt
                0x20000283                fastest
                0x20000284                result_receiveString_pt
                0x20000288                string_receiveString_pt
                0x20000388                service
                0x20000389                display_flag
 *fill*         0x2000038a        0x2 
 COMMON         0x2000038c      0x24e src/OBDII-std.o
                0x2000038c                PID0B_data
                0x20000390                PID0D_data
                0x20000394                PID11_data
                0x20000398                PID34_data
                0x2000039c                PIDtable
                0x2000059c                PID03_data
                0x200005a0                PID0E_data
                0x200005a4                PID13_data
                0x200005a8                PID15_data
                0x200005ac                PID04_data
                0x200005b0                PID07_data
                0x200005b4                PID05_data
                0x200005b8                PID01_data
                0x200005bc                PID0C_data
                0x200005c0                PID06_data
                0x200005c4                PID00_data
                0x200005c8                PID20_data
                0x200005cc                PID1C_data
                0x200005d0                PID0F_data
                0x200005d4                keyBytes
                0x200005d8                PID21_data
 COMMON         0x200005da        0x2 src/ASF/sam0/drivers/sercom/spi/spi_interrupt.o
                0x200005da                dummy_write
 COMMON         0x200005dc       0x18 src/ASF/sam0/drivers/sercom/sercom_interrupt.o
                0x200005dc                _sercom_instances
 COMMON         0x200005f4        0x4 c:/program files (x86)/atmel/studio/7.0/toolchain/arm/arm-gnu-toolchain/bin/../lib/gcc/arm-none-eabi/4.9.3/../../../../arm-none-eabi/lib/armv6-m\libc_nano.a(lib_a-reent.o)
                0x200005f4                errno
                0x200005f8                . = ALIGN (0x4)
                0x200005f8                _ebss = .
                0x200005f8                _ezero = .

.stack          0x200005f8     0x2000 load address 0x0000c560
                0x200005f8                . = ALIGN (0x8)
                0x200005f8                _sstack = .
                0x200025f8                . = (. + STACK_SIZE)
 *fill*         0x200005f8     0x2000 
                0x200025f8                . = ALIGN (0x8)
                0x200025f8                _estack = .
                0x200025f8                . = ALIGN (0x4)
                0x200025f8                _end = .
OUTPUT(ECU_Scanner_0.4.elf elf32-littlearm)

.ARM.attributes
                0x00000000       0x28
 .ARM.attributes
                0x00000000       0x1e c:/program files (x86)/atmel/studio/7.0/toolchain/arm/arm-gnu-toolchain/bin/../lib/gcc/arm-none-eabi/4.9.3/armv6-m/crti.o
 .ARM.attributes
                0x0000001e       0x2c c:/program files (x86)/atmel/studio/7.0/toolchain/arm/arm-gnu-toolchain/bin/../lib/gcc/arm-none-eabi/4.9.3/armv6-m/crtbegin.o
 .ARM.attributes
                0x0000004a       0x32 src/ASF/common2/components/memory/serial_flash/at25dfx/at25dfx.o
 .ARM.attributes
                0x0000007c       0x32 src/ASF/common2/services/delay/sam0/cycle_counter.o
 .ARM.attributes
                0x000000ae       0x32 src/ASF/sam0/drivers/sercom/sercom.o
 .ARM.attributes
                0x000000e0       0x32 src/ASF/sam0/drivers/sercom/usart/usart_interrupt.o
 .ARM.attributes
                0x00000112       0x32 src/Gambi.o
 .ARM.attributes
                0x00000144       0x32 src/main.o
 .ARM.attributes
                0x00000176       0x32 src/OBDII-std.o
 .ARM.attributes
                0x000001a8       0x32 src/PID_interpreter.o
 .ARM.attributes
                0x000001da       0x32 src/ASF/sam0/drivers/sercom/usart/usart.o
 .ARM.attributes
                0x0000020c       0x32 src/ASF/sam0/drivers/sercom/spi/spi.o
 .ARM.attributes
                0x0000023e       0x32 src/ASF/sam0/drivers/sercom/spi/spi_interrupt.o
 .ARM.attributes
                0x00000270       0x32 src/ASF/sam0/drivers/sercom/sercom_interrupt.o
 .ARM.attributes
                0x000002a2       0x32 src/ASF/common/utils/interrupt/interrupt_sam_nvic.o
 .ARM.attributes
                0x000002d4       0x32 src/ASF/sam0/boards/samd21_xplained_pro/board_init.o
 .ARM.attributes
                0x00000306       0x32 src/ASF/sam0/drivers/port/port.o
 .ARM.attributes
                0x00000338       0x32 src/ASF/sam0/drivers/system/clock/clock_samd21_r21_da/clock.o
 .ARM.attributes
                0x0000036a       0x32 src/ASF/sam0/drivers/system/clock/clock_samd21_r21_da/gclk.o
 .ARM.attributes
                0x0000039c       0x32 src/ASF/sam0/drivers/system/pinmux/pinmux.o
 .ARM.attributes
                0x000003ce       0x32 src/ASF/sam0/drivers/system/system.o
 .ARM.attributes
                0x00000400       0x32 src/ASF/sam0/utils/cmsis/samd21/source/gcc/startup_samd21.o
 .ARM.attributes
                0x00000432       0x32 src/ASF/sam0/utils/syscalls/gcc/syscalls.o
 .ARM.attributes
                0x00000464       0x2c c:/program files (x86)/atmel/studio/7.0/toolchain/arm/arm-gnu-toolchain/bin/../lib/gcc/arm-none-eabi/4.9.3/../../../../arm-none-eabi/lib/armv6-m\libm.a(lib_a-w_pow.o)
 .ARM.attributes
                0x00000490       0x2c c:/program files (x86)/atmel/studio/7.0/toolchain/arm/arm-gnu-toolchain/bin/../lib/gcc/arm-none-eabi/4.9.3/../../../../arm-none-eabi/lib/armv6-m\libm.a(lib_a-e_pow.o)
 .ARM.attributes
                0x000004bc       0x2c c:/program files (x86)/atmel/studio/7.0/toolchain/arm/arm-gnu-toolchain/bin/../lib/gcc/arm-none-eabi/4.9.3/../../../../arm-none-eabi/lib/armv6-m\libm.a(lib_a-e_sqrt.o)
 .ARM.attributes
                0x000004e8       0x2c c:/program files (x86)/atmel/studio/7.0/toolchain/arm/arm-gnu-toolchain/bin/../lib/gcc/arm-none-eabi/4.9.3/../../../../arm-none-eabi/lib/armv6-m\libm.a(lib_a-s_fabs.o)
 .ARM.attributes
                0x00000514       0x2c c:/program files (x86)/atmel/studio/7.0/toolchain/arm/arm-gnu-toolchain/bin/../lib/gcc/arm-none-eabi/4.9.3/../../../../arm-none-eabi/lib/armv6-m\libm.a(lib_a-s_finite.o)
 .ARM.attributes
                0x00000540       0x2c c:/program files (x86)/atmel/studio/7.0/toolchain/arm/arm-gnu-toolchain/bin/../lib/gcc/arm-none-eabi/4.9.3/../../../../arm-none-eabi/lib/armv6-m\libm.a(lib_a-s_fpclassify.o)
 .ARM.attributes
                0x0000056c       0x2c c:/program files (x86)/atmel/studio/7.0/toolchain/arm/arm-gnu-toolchain/bin/../lib/gcc/arm-none-eabi/4.9.3/../../../../arm-none-eabi/lib/armv6-m\libm.a(lib_a-s_lib_ver.o)
 .ARM.attributes
                0x00000598       0x2c c:/program files (x86)/atmel/studio/7.0/toolchain/arm/arm-gnu-toolchain/bin/../lib/gcc/arm-none-eabi/4.9.3/../../../../arm-none-eabi/lib/armv6-m\libm.a(lib_a-s_matherr.o)
 .ARM.attributes
                0x000005c4       0x2c c:/program files (x86)/atmel/studio/7.0/toolchain/arm/arm-gnu-toolchain/bin/../lib/gcc/arm-none-eabi/4.9.3/../../../../arm-none-eabi/lib/armv6-m\libm.a(lib_a-s_nan.o)
 .ARM.attributes
                0x000005f0       0x2c c:/program files (x86)/atmel/studio/7.0/toolchain/arm/arm-gnu-toolchain/bin/../lib/gcc/arm-none-eabi/4.9.3/../../../../arm-none-eabi/lib/armv6-m\libm.a(lib_a-s_rint.o)
 .ARM.attributes
                0x0000061c       0x2c c:/program files (x86)/atmel/studio/7.0/toolchain/arm/arm-gnu-toolchain/bin/../lib/gcc/arm-none-eabi/4.9.3/../../../../arm-none-eabi/lib/armv6-m\libm.a(lib_a-s_scalbn.o)
 .ARM.attributes
                0x00000648       0x2c c:/program files (x86)/atmel/studio/7.0/toolchain/arm/arm-gnu-toolchain/bin/../lib/gcc/arm-none-eabi/4.9.3/../../../../arm-none-eabi/lib/armv6-m\libm.a(lib_a-s_copysign.o)
 .ARM.attributes
                0x00000674       0x1e c:/program files (x86)/atmel/studio/7.0/toolchain/arm/arm-gnu-toolchain/bin/../lib/gcc/arm-none-eabi/4.9.3/armv6-m\libgcc.a(_udivsi3.o)
 .ARM.attributes
                0x00000692       0x1e c:/program files (x86)/atmel/studio/7.0/toolchain/arm/arm-gnu-toolchain/bin/../lib/gcc/arm-none-eabi/4.9.3/armv6-m\libgcc.a(_divsi3.o)
 .ARM.attributes
                0x000006b0       0x1e c:/program files (x86)/atmel/studio/7.0/toolchain/arm/arm-gnu-toolchain/bin/../lib/gcc/arm-none-eabi/4.9.3/armv6-m\libgcc.a(_dvmd_tls.o)
 .ARM.attributes
                0x000006ce       0x1e c:/program files (x86)/atmel/studio/7.0/toolchain/arm/arm-gnu-toolchain/bin/../lib/gcc/arm-none-eabi/4.9.3/armv6-m\libgcc.a(_arm_cmpdf2.o)
 .ARM.attributes
                0x000006ec       0x1e c:/program files (x86)/atmel/studio/7.0/toolchain/arm/arm-gnu-toolchain/bin/../lib/gcc/arm-none-eabi/4.9.3/armv6-m\libgcc.a(_aeabi_uldivmod.o)
 .ARM.attributes
                0x0000070a       0x2c c:/program files (x86)/atmel/studio/7.0/toolchain/arm/arm-gnu-toolchain/bin/../lib/gcc/arm-none-eabi/4.9.3/armv6-m\libgcc.a(_muldi3.o)
 .ARM.attributes
                0x00000736       0x2c c:/program files (x86)/atmel/studio/7.0/toolchain/arm/arm-gnu-toolchain/bin/../lib/gcc/arm-none-eabi/4.9.3/armv6-m\libgcc.a(_fixunssfsi.o)
 .ARM.attributes
                0x00000762       0x2c c:/program files (x86)/atmel/studio/7.0/toolchain/arm/arm-gnu-toolchain/bin/../lib/gcc/arm-none-eabi/4.9.3/armv6-m\libgcc.a(_fixunsdfsi.o)
 .ARM.attributes
                0x0000078e       0x2c c:/program files (x86)/atmel/studio/7.0/toolchain/arm/arm-gnu-toolchain/bin/../lib/gcc/arm-none-eabi/4.9.3/armv6-m\libgcc.a(bpabi.o)
 .ARM.attributes
                0x000007ba       0x2c c:/program files (x86)/atmel/studio/7.0/toolchain/arm/arm-gnu-toolchain/bin/../lib/gcc/arm-none-eabi/4.9.3/armv6-m\libgcc.a(addsf3.o)
 .ARM.attributes
                0x000007e6       0x2c c:/program files (x86)/atmel/studio/7.0/toolchain/arm/arm-gnu-toolchain/bin/../lib/gcc/arm-none-eabi/4.9.3/armv6-m\libgcc.a(divsf3.o)
 .ARM.attributes
                0x00000812       0x2c c:/program files (x86)/atmel/studio/7.0/toolchain/arm/arm-gnu-toolchain/bin/../lib/gcc/arm-none-eabi/4.9.3/armv6-m\libgcc.a(mulsf3.o)
 .ARM.attributes
                0x0000083e       0x2c c:/program files (x86)/atmel/studio/7.0/toolchain/arm/arm-gnu-toolchain/bin/../lib/gcc/arm-none-eabi/4.9.3/armv6-m\libgcc.a(subsf3.o)
 .ARM.attributes
                0x0000086a       0x2c c:/program files (x86)/atmel/studio/7.0/toolchain/arm/arm-gnu-toolchain/bin/../lib/gcc/arm-none-eabi/4.9.3/armv6-m\libgcc.a(fixsfsi.o)
 .ARM.attributes
                0x00000896       0x2c c:/program files (x86)/atmel/studio/7.0/toolchain/arm/arm-gnu-toolchain/bin/../lib/gcc/arm-none-eabi/4.9.3/armv6-m\libgcc.a(floatunsisf.o)
 .ARM.attributes
                0x000008c2       0x2c c:/program files (x86)/atmel/studio/7.0/toolchain/arm/arm-gnu-toolchain/bin/../lib/gcc/arm-none-eabi/4.9.3/armv6-m\libgcc.a(adddf3.o)
 .ARM.attributes
                0x000008ee       0x2c c:/program files (x86)/atmel/studio/7.0/toolchain/arm/arm-gnu-toolchain/bin/../lib/gcc/arm-none-eabi/4.9.3/armv6-m\libgcc.a(divdf3.o)
 .ARM.attributes
                0x0000091a       0x2c c:/program files (x86)/atmel/studio/7.0/toolchain/arm/arm-gnu-toolchain/bin/../lib/gcc/arm-none-eabi/4.9.3/armv6-m\libgcc.a(eqdf2.o)
 .ARM.attributes
                0x00000946       0x2c c:/program files (x86)/atmel/studio/7.0/toolchain/arm/arm-gnu-toolchain/bin/../lib/gcc/arm-none-eabi/4.9.3/armv6-m\libgcc.a(gedf2.o)
 .ARM.attributes
                0x00000972       0x2c c:/program files (x86)/atmel/studio/7.0/toolchain/arm/arm-gnu-toolchain/bin/../lib/gcc/arm-none-eabi/4.9.3/armv6-m\libgcc.a(ledf2.o)
 .ARM.attributes
                0x0000099e       0x2c c:/program files (x86)/atmel/studio/7.0/toolchain/arm/arm-gnu-toolchain/bin/../lib/gcc/arm-none-eabi/4.9.3/armv6-m\libgcc.a(muldf3.o)
 .ARM.attributes
                0x000009ca       0x2c c:/program files (x86)/atmel/studio/7.0/toolchain/arm/arm-gnu-toolchain/bin/../lib/gcc/arm-none-eabi/4.9.3/armv6-m\libgcc.a(subdf3.o)
 .ARM.attributes
                0x000009f6       0x2c c:/program files (x86)/atmel/studio/7.0/toolchain/arm/arm-gnu-toolchain/bin/../lib/gcc/arm-none-eabi/4.9.3/armv6-m\libgcc.a(fixdfsi.o)
 .ARM.attributes
                0x00000a22       0x2c c:/program files (x86)/atmel/studio/7.0/toolchain/arm/arm-gnu-toolchain/bin/../lib/gcc/arm-none-eabi/4.9.3/armv6-m\libgcc.a(floatsidf.o)
 .ARM.attributes
                0x00000a4e       0x2c c:/program files (x86)/atmel/studio/7.0/toolchain/arm/arm-gnu-toolchain/bin/../lib/gcc/arm-none-eabi/4.9.3/armv6-m\libgcc.a(floatunsidf.o)
 .ARM.attributes
                0x00000a7a       0x1e c:/program files (x86)/atmel/studio/7.0/toolchain/arm/arm-gnu-toolchain/bin/../lib/gcc/arm-none-eabi/4.9.3/armv6-m\libgcc.a(_arm_cmpsf2.o)
 .ARM.attributes
                0x00000a98       0x1e c:/program files (x86)/atmel/studio/7.0/toolchain/arm/arm-gnu-toolchain/bin/../lib/gcc/arm-none-eabi/4.9.3/armv6-m\libgcc.a(_clzsi2.o)
 .ARM.attributes
                0x00000ab6       0x2c c:/program files (x86)/atmel/studio/7.0/toolchain/arm/arm-gnu-toolchain/bin/../lib/gcc/arm-none-eabi/4.9.3/armv6-m\libgcc.a(_divdi3.o)
 .ARM.attributes
                0x00000ae2       0x2c c:/program files (x86)/atmel/studio/7.0/toolchain/arm/arm-gnu-toolchain/bin/../lib/gcc/arm-none-eabi/4.9.3/armv6-m\libgcc.a(_udivdi3.o)
 .ARM.attributes
                0x00000b0e       0x2c c:/program files (x86)/atmel/studio/7.0/toolchain/arm/arm-gnu-toolchain/bin/../lib/gcc/arm-none-eabi/4.9.3/armv6-m\libgcc.a(eqsf2.o)
 .ARM.attributes
                0x00000b3a       0x2c c:/program files (x86)/atmel/studio/7.0/toolchain/arm/arm-gnu-toolchain/bin/../lib/gcc/arm-none-eabi/4.9.3/armv6-m\libgcc.a(gesf2.o)
 .ARM.attributes
                0x00000b66       0x2c c:/program files (x86)/atmel/studio/7.0/toolchain/arm/arm-gnu-toolchain/bin/../lib/gcc/arm-none-eabi/4.9.3/armv6-m\libgcc.a(lesf2.o)
 .ARM.attributes
                0x00000b92       0x1e c:/program files (x86)/atmel/studio/7.0/toolchain/arm/arm-gnu-toolchain/bin/../lib/gcc/arm-none-eabi/4.9.3/armv6-m\libgcc.a(_clzdi2.o)
 .ARM.attributes
                0x00000bb0       0x2c c:/program files (x86)/atmel/studio/7.0/toolchain/arm/arm-gnu-toolchain/bin/../lib/gcc/arm-none-eabi/4.9.3/../../../../arm-none-eabi/lib/armv6-m\libc_nano.a(lib_a-errno.o)
 .ARM.attributes
                0x00000bdc       0x2c c:/program files (x86)/atmel/studio/7.0/toolchain/arm/arm-gnu-toolchain/bin/../lib/gcc/arm-none-eabi/4.9.3/../../../../arm-none-eabi/lib/armv6-m\libc_nano.a(lib_a-impure.o)
 .ARM.attributes
                0x00000c08       0x2c c:/program files (x86)/atmel/studio/7.0/toolchain/arm/arm-gnu-toolchain/bin/../lib/gcc/arm-none-eabi/4.9.3/../../../../arm-none-eabi/lib/armv6-m\libc_nano.a(lib_a-init.o)
 .ARM.attributes
                0x00000c34       0x2c c:/program files (x86)/atmel/studio/7.0/toolchain/arm/arm-gnu-toolchain/bin/../lib/gcc/arm-none-eabi/4.9.3/../../../../arm-none-eabi/lib/armv6-m\libc_nano.a(lib_a-memcpy.o)
 .ARM.attributes
                0x00000c60       0x2c c:/program files (x86)/atmel/studio/7.0/toolchain/arm/arm-gnu-toolchain/bin/../lib/gcc/arm-none-eabi/4.9.3/../../../../arm-none-eabi/lib/armv6-m\libc_nano.a(lib_a-vsprintf.o)
 .ARM.attributes
                0x00000c8c       0x2c c:/program files (x86)/atmel/studio/7.0/toolchain/arm/arm-gnu-toolchain/bin/../lib/gcc/arm-none-eabi/4.9.3/../../../../arm-none-eabi/lib/armv6-m\libc_nano.a(lib_a-findfp.o)
 .ARM.attributes
                0x00000cb8       0x2c c:/program files (x86)/atmel/studio/7.0/toolchain/arm/arm-gnu-toolchain/bin/../lib/gcc/arm-none-eabi/4.9.3/../../../../arm-none-eabi/lib/armv6-m\libc_nano.a(lib_a-nano-mallocr.o)
 .ARM.attributes
                0x00000ce4       0x2c c:/program files (x86)/atmel/studio/7.0/toolchain/arm/arm-gnu-toolchain/bin/../lib/gcc/arm-none-eabi/4.9.3/../../../../arm-none-eabi/lib/armv6-m\libc_nano.a(lib_a-nano-svfprintf.o)
 .ARM.attributes
                0x00000d10       0x2c c:/program files (x86)/atmel/studio/7.0/toolchain/arm/arm-gnu-toolchain/bin/../lib/gcc/arm-none-eabi/4.9.3/../../../../arm-none-eabi/lib/armv6-m\libc_nano.a(lib_a-nano-vfprintf_i.o)
 .ARM.attributes
                0x00000d3c       0x2c c:/program files (x86)/atmel/studio/7.0/toolchain/arm/arm-gnu-toolchain/bin/../lib/gcc/arm-none-eabi/4.9.3/../../../../arm-none-eabi/lib/armv6-m\libc_nano.a(lib_a-sbrkr.o)
 .ARM.attributes
                0x00000d68       0x2c c:/program files (x86)/atmel/studio/7.0/toolchain/arm/arm-gnu-toolchain/bin/../lib/gcc/arm-none-eabi/4.9.3/../../../../arm-none-eabi/lib/armv6-m\libc_nano.a(lib_a-memchr.o)
 .ARM.attributes
                0x00000d94       0x2c c:/program files (x86)/atmel/studio/7.0/toolchain/arm/arm-gnu-toolchain/bin/../lib/gcc/arm-none-eabi/4.9.3/../../../../arm-none-eabi/lib/armv6-m\libc_nano.a(lib_a-memmove.o)
 .ARM.attributes
                0x00000dc0       0x2c c:/program files (x86)/atmel/studio/7.0/toolchain/arm/arm-gnu-toolchain/bin/../lib/gcc/arm-none-eabi/4.9.3/../../../../arm-none-eabi/lib/armv6-m\libc_nano.a(lib_a-nano-freer.o)
 .ARM.attributes
                0x00000dec       0x2c c:/program files (x86)/atmel/studio/7.0/toolchain/arm/arm-gnu-toolchain/bin/../lib/gcc/arm-none-eabi/4.9.3/../../../../arm-none-eabi/lib/armv6-m\libc_nano.a(lib_a-nano-reallocr.o)
 .ARM.attributes
                0x00000e18       0x2c c:/program files (x86)/atmel/studio/7.0/toolchain/arm/arm-gnu-toolchain/bin/../lib/gcc/arm-none-eabi/4.9.3/../../../../arm-none-eabi/lib/armv6-m\libc_nano.a(lib_a-reent.o)
 .ARM.attributes
                0x00000e44       0x2c c:/program files (x86)/atmel/studio/7.0/toolchain/arm/arm-gnu-toolchain/bin/../lib/gcc/arm-none-eabi/4.9.3/../../../../arm-none-eabi/lib/armv6-m\libc_nano.a(lib_a-nano-msizer.o)
 .ARM.attributes
                0x00000e70       0x1e c:/program files (x86)/atmel/studio/7.0/toolchain/arm/arm-gnu-toolchain/bin/../lib/gcc/arm-none-eabi/4.9.3/armv6-m/crtn.o

.comment        0x00000000       0x5b
 .comment       0x00000000       0x5b src/ASF/common2/components/memory/serial_flash/at25dfx/at25dfx.o
                                 0x5c (size before relaxing)
 .comment       0x00000000       0x5c src/ASF/common2/services/delay/sam0/cycle_counter.o
 .comment       0x00000000       0x5c src/ASF/sam0/drivers/sercom/sercom.o
 .comment       0x00000000       0x5c src/ASF/sam0/drivers/sercom/usart/usart_interrupt.o
 .comment       0x00000000       0x5c src/Gambi.o
 .comment       0x00000000       0x5c src/main.o
 .comment       0x00000000       0x5c src/OBDII-std.o
 .comment       0x00000000       0x5c src/PID_interpreter.o
 .comment       0x00000000       0x5c src/ASF/sam0/drivers/sercom/usart/usart.o
 .comment       0x00000000       0x5c src/ASF/sam0/drivers/sercom/spi/spi.o
 .comment       0x00000000       0x5c src/ASF/sam0/drivers/sercom/spi/spi_interrupt.o
 .comment       0x00000000       0x5c src/ASF/sam0/drivers/sercom/sercom_interrupt.o
 .comment       0x00000000       0x5c src/ASF/common/utils/interrupt/interrupt_sam_nvic.o
 .comment       0x00000000       0x5c src/ASF/sam0/boards/samd21_xplained_pro/board_init.o
 .comment       0x00000000       0x5c src/ASF/sam0/drivers/port/port.o
 .comment       0x00000000       0x5c src/ASF/sam0/drivers/system/clock/clock_samd21_r21_da/clock.o
 .comment       0x00000000       0x5c src/ASF/sam0/drivers/system/clock/clock_samd21_r21_da/gclk.o
 .comment       0x00000000       0x5c src/ASF/sam0/drivers/system/pinmux/pinmux.o
 .comment       0x00000000       0x5c src/ASF/sam0/drivers/system/system.o
 .comment       0x00000000       0x5c src/ASF/sam0/utils/cmsis/samd21/source/gcc/startup_samd21.o
 .comment       0x00000000       0x5c src/ASF/sam0/utils/syscalls/gcc/syscalls.o

.debug_info     0x00000000    0x2b8aa
 .debug_info    0x00000000     0x6280 src/ASF/common2/components/memory/serial_flash/at25dfx/at25dfx.o
 .debug_info    0x00006280      0x14d src/ASF/common2/services/delay/sam0/cycle_counter.o
 .debug_info    0x000063cd     0x2545 src/ASF/sam0/drivers/sercom/sercom.o
 .debug_info    0x00008912     0x277b src/ASF/sam0/drivers/sercom/usart/usart_interrupt.o
 .debug_info    0x0000b08d     0x4656 src/Gambi.o
 .debug_info    0x0000f6e3      0xfb9 src/main.o
 .debug_info    0x0001069c      0xb7e src/OBDII-std.o
 .debug_info    0x0001121a     0x19bd src/PID_interpreter.o
 .debug_info    0x00012bd7     0x40cd src/ASF/sam0/drivers/sercom/usart/usart.o
 .debug_info    0x00016ca4     0x5e4e src/ASF/sam0/drivers/sercom/spi/spi.o
 .debug_info    0x0001caf2     0x291c src/ASF/sam0/drivers/sercom/spi/spi_interrupt.o
 .debug_info    0x0001f40e     0x2335 src/ASF/sam0/drivers/sercom/sercom_interrupt.o
 .debug_info    0x00021743      0x1ec src/ASF/common/utils/interrupt/interrupt_sam_nvic.o
 .debug_info    0x0002192f      0x96e src/ASF/sam0/boards/samd21_xplained_pro/board_init.o
 .debug_info    0x0002229d      0x966 src/ASF/sam0/drivers/port/port.o
 .debug_info    0x00022c03     0x2d07 src/ASF/sam0/drivers/system/clock/clock_samd21_r21_da/clock.o
 .debug_info    0x0002590a     0x14ce src/ASF/sam0/drivers/system/clock/clock_samd21_r21_da/gclk.o
 .debug_info    0x00026dd8      0xac2 src/ASF/sam0/drivers/system/pinmux/pinmux.o
 .debug_info    0x0002789a      0x17a src/ASF/sam0/drivers/system/system.o
 .debug_info    0x00027a14     0x3a6f src/ASF/sam0/utils/cmsis/samd21/source/gcc/startup_samd21.o
 .debug_info    0x0002b483      0x427 src/ASF/sam0/utils/syscalls/gcc/syscalls.o

.debug_abbrev   0x00000000     0x3559
 .debug_abbrev  0x00000000      0x3ec src/ASF/common2/components/memory/serial_flash/at25dfx/at25dfx.o
 .debug_abbrev  0x000003ec       0xbc src/ASF/common2/services/delay/sam0/cycle_counter.o
 .debug_abbrev  0x000004a8      0x2fd src/ASF/sam0/drivers/sercom/sercom.o
 .debug_abbrev  0x000007a5      0x37b src/ASF/sam0/drivers/sercom/usart/usart_interrupt.o
 .debug_abbrev  0x00000b20      0x420 src/Gambi.o
 .debug_abbrev  0x00000f40      0x223 src/main.o
 .debug_abbrev  0x00001163      0x1f2 src/OBDII-std.o
 .debug_abbrev  0x00001355      0x1b6 src/PID_interpreter.o
 .debug_abbrev  0x0000150b      0x3c6 src/ASF/sam0/drivers/sercom/usart/usart.o
 .debug_abbrev  0x000018d1      0x44f src/ASF/sam0/drivers/sercom/spi/spi.o
 .debug_abbrev  0x00001d20      0x358 src/ASF/sam0/drivers/sercom/spi/spi_interrupt.o
 .debug_abbrev  0x00002078      0x22c src/ASF/sam0/drivers/sercom/sercom_interrupt.o
 .debug_abbrev  0x000022a4       0xf6 src/ASF/common/utils/interrupt/interrupt_sam_nvic.o
 .debug_abbrev  0x0000239a      0x22b src/ASF/sam0/boards/samd21_xplained_pro/board_init.o
 .debug_abbrev  0x000025c5      0x1da src/ASF/sam0/drivers/port/port.o
 .debug_abbrev  0x0000279f      0x3ba src/ASF/sam0/drivers/system/clock/clock_samd21_r21_da/clock.o
 .debug_abbrev  0x00002b59      0x327 src/ASF/sam0/drivers/system/clock/clock_samd21_r21_da/gclk.o
 .debug_abbrev  0x00002e80      0x2ce src/ASF/sam0/drivers/system/pinmux/pinmux.o
 .debug_abbrev  0x0000314e       0xb9 src/ASF/sam0/drivers/system/system.o
 .debug_abbrev  0x00003207      0x211 src/ASF/sam0/utils/cmsis/samd21/source/gcc/startup_samd21.o
 .debug_abbrev  0x00003418      0x141 src/ASF/sam0/utils/syscalls/gcc/syscalls.o

.debug_loc      0x00000000     0xdd30
 .debug_loc     0x00000000     0x4d85 src/ASF/common2/components/memory/serial_flash/at25dfx/at25dfx.o
 .debug_loc     0x00004d85      0x982 src/ASF/sam0/drivers/sercom/sercom.o
 .debug_loc     0x00005707      0x589 src/ASF/sam0/drivers/sercom/usart/usart_interrupt.o
 .debug_loc     0x00005c90      0x9fd src/Gambi.o
 .debug_loc     0x0000668d      0x21d src/main.o
 .debug_loc     0x000068aa      0x4e7 src/OBDII-std.o
 .debug_loc     0x00006d91     0x1579 src/PID_interpreter.o
 .debug_loc     0x0000830a      0xcf3 src/ASF/sam0/drivers/sercom/usart/usart.o
 .debug_loc     0x00008ffd     0x2b44 src/ASF/sam0/drivers/sercom/spi/spi.o
 .debug_loc     0x0000bb41      0x5b3 src/ASF/sam0/drivers/sercom/spi/spi_interrupt.o
 .debug_loc     0x0000c0f4      0x16c src/ASF/sam0/drivers/sercom/sercom_interrupt.o
 .debug_loc     0x0000c260       0x1e src/ASF/common/utils/interrupt/interrupt_sam_nvic.o
 .debug_loc     0x0000c27e       0x59 src/ASF/sam0/boards/samd21_xplained_pro/board_init.o
 .debug_loc     0x0000c2d7      0x16d src/ASF/sam0/drivers/port/port.o
 .debug_loc     0x0000c444      0xef7 src/ASF/sam0/drivers/system/clock/clock_samd21_r21_da/clock.o
 .debug_loc     0x0000d33b      0x51e src/ASF/sam0/drivers/system/clock/clock_samd21_r21_da/gclk.o
 .debug_loc     0x0000d859      0x37a src/ASF/sam0/drivers/system/pinmux/pinmux.o
 .debug_loc     0x0000dbd3       0x20 src/ASF/sam0/drivers/system/system.o
 .debug_loc     0x0000dbf3       0x20 src/ASF/sam0/utils/cmsis/samd21/source/gcc/startup_samd21.o
 .debug_loc     0x0000dc13      0x11d src/ASF/sam0/utils/syscalls/gcc/syscalls.o

.debug_aranges  0x00000000      0x6b0
 .debug_aranges
                0x00000000       0x68 src/ASF/common2/components/memory/serial_flash/at25dfx/at25dfx.o
 .debug_aranges
                0x00000068       0x28 src/ASF/common2/services/delay/sam0/cycle_counter.o
 .debug_aranges
                0x00000090       0x40 src/ASF/sam0/drivers/sercom/sercom.o
 .debug_aranges
                0x000000d0       0x70 src/ASF/sam0/drivers/sercom/usart/usart_interrupt.o
 .debug_aranges
                0x00000140       0xa8 src/Gambi.o
 .debug_aranges
                0x000001e8       0x20 src/main.o
 .debug_aranges
                0x00000208       0x50 src/OBDII-std.o
 .debug_aranges
                0x00000258       0xb8 src/PID_interpreter.o
 .debug_aranges
                0x00000310       0x40 src/ASF/sam0/drivers/sercom/usart/usart.o
 .debug_aranges
                0x00000350       0x58 src/ASF/sam0/drivers/sercom/spi/spi.o
 .debug_aranges
                0x000003a8       0x50 src/ASF/sam0/drivers/sercom/spi/spi_interrupt.o
 .debug_aranges
                0x000003f8       0x60 src/ASF/sam0/drivers/sercom/sercom_interrupt.o
 .debug_aranges
                0x00000458       0x28 src/ASF/common/utils/interrupt/interrupt_sam_nvic.o
 .debug_aranges
                0x00000480       0x20 src/ASF/sam0/boards/samd21_xplained_pro/board_init.o
 .debug_aranges
                0x000004a0       0x28 src/ASF/sam0/drivers/port/port.o
 .debug_aranges
                0x000004c8       0x78 src/ASF/sam0/drivers/system/clock/clock_samd21_r21_da/clock.o
 .debug_aranges
                0x00000540       0x80 src/ASF/sam0/drivers/system/clock/clock_samd21_r21_da/gclk.o
 .debug_aranges
                0x000005c0       0x40 src/ASF/sam0/drivers/system/pinmux/pinmux.o
 .debug_aranges
                0x00000600       0x28 src/ASF/sam0/drivers/system/system.o
 .debug_aranges
                0x00000628       0x28 src/ASF/sam0/utils/cmsis/samd21/source/gcc/startup_samd21.o
 .debug_aranges
                0x00000650       0x60 src/ASF/sam0/utils/syscalls/gcc/syscalls.o

.debug_ranges   0x00000000     0x1658
 .debug_ranges  0x00000000      0xc30 src/ASF/common2/components/memory/serial_flash/at25dfx/at25dfx.o
 .debug_ranges  0x00000c30       0x18 src/ASF/common2/services/delay/sam0/cycle_counter.o
 .debug_ranges  0x00000c48       0x48 src/ASF/sam0/drivers/sercom/sercom.o
 .debug_ranges  0x00000c90       0x60 src/ASF/sam0/drivers/sercom/usart/usart_interrupt.o
 .debug_ranges  0x00000cf0       0x98 src/Gambi.o
 .debug_ranges  0x00000d88       0x70 src/main.o
 .debug_ranges  0x00000df8       0x58 src/OBDII-std.o
 .debug_ranges  0x00000e50       0xa8 src/PID_interpreter.o
 .debug_ranges  0x00000ef8       0xf8 src/ASF/sam0/drivers/sercom/usart/usart.o
 .debug_ranges  0x00000ff0      0x3e0 src/ASF/sam0/drivers/sercom/spi/spi.o
 .debug_ranges  0x000013d0       0x70 src/ASF/sam0/drivers/sercom/spi/spi_interrupt.o
 .debug_ranges  0x00001440       0x50 src/ASF/sam0/drivers/sercom/sercom_interrupt.o
 .debug_ranges  0x00001490       0x18 src/ASF/common/utils/interrupt/interrupt_sam_nvic.o
 .debug_ranges  0x000014a8       0x10 src/ASF/sam0/boards/samd21_xplained_pro/board_init.o
 .debug_ranges  0x000014b8       0x18 src/ASF/sam0/drivers/port/port.o
 .debug_ranges  0x000014d0       0x68 src/ASF/sam0/drivers/system/clock/clock_samd21_r21_da/clock.o
 .debug_ranges  0x00001538       0x70 src/ASF/sam0/drivers/system/clock/clock_samd21_r21_da/gclk.o
 .debug_ranges  0x000015a8       0x30 src/ASF/sam0/drivers/system/pinmux/pinmux.o
 .debug_ranges  0x000015d8       0x18 src/ASF/sam0/drivers/system/system.o
 .debug_ranges  0x000015f0       0x18 src/ASF/sam0/utils/cmsis/samd21/source/gcc/startup_samd21.o
 .debug_ranges  0x00001608       0x50 src/ASF/sam0/utils/syscalls/gcc/syscalls.o

.debug_macro    0x00000000    0x1b8c9
 .debug_macro   0x00000000      0x589 src/ASF/common2/components/memory/serial_flash/at25dfx/at25dfx.o
 .debug_macro   0x00000589      0x856 src/ASF/common2/components/memory/serial_flash/at25dfx/at25dfx.o
 .debug_macro   0x00000ddf      0x166 src/ASF/common2/components/memory/serial_flash/at25dfx/at25dfx.o
 .debug_macro   0x00000f45      0x644 src/ASF/common2/components/memory/serial_flash/at25dfx/at25dfx.o
 .debug_macro   0x00001589       0x22 src/ASF/common2/components/memory/serial_flash/at25dfx/at25dfx.o
 .debug_macro   0x000015ab       0x44 src/ASF/common2/components/memory/serial_flash/at25dfx/at25dfx.o
 .debug_macro   0x000015ef       0x58 src/ASF/common2/components/memory/serial_flash/at25dfx/at25dfx.o
 .debug_macro   0x00001647       0x22 src/ASF/common2/components/memory/serial_flash/at25dfx/at25dfx.o
 .debug_macro   0x00001669      0x1df src/ASF/common2/components/memory/serial_flash/at25dfx/at25dfx.o
 .debug_macro   0x00001848       0x10 src/ASF/common2/components/memory/serial_flash/at25dfx/at25dfx.o
 .debug_macro   0x00001858       0x76 src/ASF/common2/components/memory/serial_flash/at25dfx/at25dfx.o
 .debug_macro   0x000018ce       0x16 src/ASF/common2/components/memory/serial_flash/at25dfx/at25dfx.o
 .debug_macro   0x000018e4      0x6e5 src/ASF/common2/components/memory/serial_flash/at25dfx/at25dfx.o
 .debug_macro   0x00001fc9      0xde2 src/ASF/common2/components/memory/serial_flash/at25dfx/at25dfx.o
 .debug_macro   0x00002dab       0x22 src/ASF/common2/components/memory/serial_flash/at25dfx/at25dfx.o
 .debug_macro   0x00002dcd       0x40 src/ASF/common2/components/memory/serial_flash/at25dfx/at25dfx.o
 .debug_macro   0x00002e0d       0x3a src/ASF/common2/components/memory/serial_flash/at25dfx/at25dfx.o
 .debug_macro   0x00002e47       0x1f src/ASF/common2/components/memory/serial_flash/at25dfx/at25dfx.o
 .debug_macro   0x00002e66      0x250 src/ASF/common2/components/memory/serial_flash/at25dfx/at25dfx.o
 .debug_macro   0x000030b6      0x682 src/ASF/common2/components/memory/serial_flash/at25dfx/at25dfx.o
 .debug_macro   0x00003738      0x8bf src/ASF/common2/components/memory/serial_flash/at25dfx/at25dfx.o
 .debug_macro   0x00003ff7      0x235 src/ASF/common2/components/memory/serial_flash/at25dfx/at25dfx.o
 .debug_macro   0x0000422c      0xd6a src/ASF/common2/components/memory/serial_flash/at25dfx/at25dfx.o
 .debug_macro   0x00004f96      0x4ce src/ASF/common2/components/memory/serial_flash/at25dfx/at25dfx.o
 .debug_macro   0x00005464      0x9f8 src/ASF/common2/components/memory/serial_flash/at25dfx/at25dfx.o
 .debug_macro   0x00005e5c      0x82b src/ASF/common2/components/memory/serial_flash/at25dfx/at25dfx.o
 .debug_macro   0x00006687      0x45f src/ASF/common2/components/memory/serial_flash/at25dfx/at25dfx.o
 .debug_macro   0x00006ae6       0x5e src/ASF/common2/components/memory/serial_flash/at25dfx/at25dfx.o
 .debug_macro   0x00006b44      0x906 src/ASF/common2/components/memory/serial_flash/at25dfx/at25dfx.o
 .debug_macro   0x0000744a      0x225 src/ASF/common2/components/memory/serial_flash/at25dfx/at25dfx.o
 .debug_macro   0x0000766f      0x797 src/ASF/common2/components/memory/serial_flash/at25dfx/at25dfx.o
 .debug_macro   0x00007e06       0x5e src/ASF/common2/components/memory/serial_flash/at25dfx/at25dfx.o
 .debug_macro   0x00007e64      0x634 src/ASF/common2/components/memory/serial_flash/at25dfx/at25dfx.o
 .debug_macro   0x00008498      0x3b6 src/ASF/common2/components/memory/serial_flash/at25dfx/at25dfx.o
 .debug_macro   0x0000884e      0xc55 src/ASF/common2/components/memory/serial_flash/at25dfx/at25dfx.o
 .debug_macro   0x000094a3     0x1092 src/ASF/common2/components/memory/serial_flash/at25dfx/at25dfx.o
 .debug_macro   0x0000a535      0xc4a src/ASF/common2/components/memory/serial_flash/at25dfx/at25dfx.o
 .debug_macro   0x0000b17f      0x6bf src/ASF/common2/components/memory/serial_flash/at25dfx/at25dfx.o
 .debug_macro   0x0000b83e     0x1b4b src/ASF/common2/components/memory/serial_flash/at25dfx/at25dfx.o
 .debug_macro   0x0000d389     0x144a src/ASF/common2/components/memory/serial_flash/at25dfx/at25dfx.o
 .debug_macro   0x0000e7d3      0x34e src/ASF/common2/components/memory/serial_flash/at25dfx/at25dfx.o
 .debug_macro   0x0000eb21       0x7c src/ASF/common2/components/memory/serial_flash/at25dfx/at25dfx.o
 .debug_macro   0x0000eb9d       0xa0 src/ASF/common2/components/memory/serial_flash/at25dfx/at25dfx.o
 .debug_macro   0x0000ec3d       0x4c src/ASF/common2/components/memory/serial_flash/at25dfx/at25dfx.o
 .debug_macro   0x0000ec89       0xca src/ASF/common2/components/memory/serial_flash/at25dfx/at25dfx.o
 .debug_macro   0x0000ed53       0x94 src/ASF/common2/components/memory/serial_flash/at25dfx/at25dfx.o
 .debug_macro   0x0000ede7       0x58 src/ASF/common2/components/memory/serial_flash/at25dfx/at25dfx.o
 .debug_macro   0x0000ee3f      0x364 src/ASF/common2/components/memory/serial_flash/at25dfx/at25dfx.o
 .debug_macro   0x0000f1a3       0x82 src/ASF/common2/components/memory/serial_flash/at25dfx/at25dfx.o
 .debug_macro   0x0000f225      0x197 src/ASF/common2/components/memory/serial_flash/at25dfx/at25dfx.o
 .debug_macro   0x0000f3bc       0xb8 src/ASF/common2/components/memory/serial_flash/at25dfx/at25dfx.o
 .debug_macro   0x0000f474       0xa0 src/ASF/common2/components/memory/serial_flash/at25dfx/at25dfx.o
 .debug_macro   0x0000f514       0xb2 src/ASF/common2/components/memory/serial_flash/at25dfx/at25dfx.o
 .debug_macro   0x0000f5c6       0x1c src/ASF/common2/components/memory/serial_flash/at25dfx/at25dfx.o
 .debug_macro   0x0000f5e2       0x1c src/ASF/common2/components/memory/serial_flash/at25dfx/at25dfx.o
 .debug_macro   0x0000f5fe       0x1c src/ASF/common2/components/memory/serial_flash/at25dfx/at25dfx.o
 .debug_macro   0x0000f61a       0x7c src/ASF/common2/components/memory/serial_flash/at25dfx/at25dfx.o
 .debug_macro   0x0000f696      0x161 src/ASF/common2/components/memory/serial_flash/at25dfx/at25dfx.o
 .debug_macro   0x0000f7f7       0xdc src/ASF/common2/components/memory/serial_flash/at25dfx/at25dfx.o
 .debug_macro   0x0000f8d3      0x12f src/ASF/common2/components/memory/serial_flash/at25dfx/at25dfx.o
 .debug_macro   0x0000fa02      0x12f src/ASF/common2/components/memory/serial_flash/at25dfx/at25dfx.o
 .debug_macro   0x0000fb31      0x12f src/ASF/common2/components/memory/serial_flash/at25dfx/at25dfx.o
 .debug_macro   0x0000fc60      0x12f src/ASF/common2/components/memory/serial_flash/at25dfx/at25dfx.o
 .debug_macro   0x0000fd8f      0x12f src/ASF/common2/components/memory/serial_flash/at25dfx/at25dfx.o
 .debug_macro   0x0000febe      0x12f src/ASF/common2/components/memory/serial_flash/at25dfx/at25dfx.o
 .debug_macro   0x0000ffed      0x11e src/ASF/common2/components/memory/serial_flash/at25dfx/at25dfx.o
 .debug_macro   0x0001010b       0xe2 src/ASF/common2/components/memory/serial_flash/at25dfx/at25dfx.o
 .debug_macro   0x000101ed       0xe2 src/ASF/common2/components/memory/serial_flash/at25dfx/at25dfx.o
 .debug_macro   0x000102cf       0xe2 src/ASF/common2/components/memory/serial_flash/at25dfx/at25dfx.o
 .debug_macro   0x000103b1       0xe2 src/ASF/common2/components/memory/serial_flash/at25dfx/at25dfx.o
 .debug_macro   0x00010493       0xe2 src/ASF/common2/components/memory/serial_flash/at25dfx/at25dfx.o
 .debug_macro   0x00010575      0x12c src/ASF/common2/components/memory/serial_flash/at25dfx/at25dfx.o
 .debug_macro   0x000106a1      0x100 src/ASF/common2/components/memory/serial_flash/at25dfx/at25dfx.o
 .debug_macro   0x000107a1       0xf4 src/ASF/common2/components/memory/serial_flash/at25dfx/at25dfx.o
 .debug_macro   0x00010895      0x40f src/ASF/common2/components/memory/serial_flash/at25dfx/at25dfx.o
 .debug_macro   0x00010ca4       0x40 src/ASF/common2/components/memory/serial_flash/at25dfx/at25dfx.o
 .debug_macro   0x00010ce4      0x37d src/ASF/common2/components/memory/serial_flash/at25dfx/at25dfx.o
 .debug_macro   0x00011061     0x1e59 src/ASF/common2/components/memory/serial_flash/at25dfx/at25dfx.o
 .debug_macro   0x00012eba       0x6d src/ASF/common2/components/memory/serial_flash/at25dfx/at25dfx.o
 .debug_macro   0x00012f27       0x58 src/ASF/common2/components/memory/serial_flash/at25dfx/at25dfx.o
 .debug_macro   0x00012f7f       0x35 src/ASF/common2/components/memory/serial_flash/at25dfx/at25dfx.o
 .debug_macro   0x00012fb4       0x9c src/ASF/common2/components/memory/serial_flash/at25dfx/at25dfx.o
 .debug_macro   0x00013050       0x16 src/ASF/common2/components/memory/serial_flash/at25dfx/at25dfx.o
 .debug_macro   0x00013066       0x35 src/ASF/common2/components/memory/serial_flash/at25dfx/at25dfx.o
 .debug_macro   0x0001309b      0x29d src/ASF/common2/components/memory/serial_flash/at25dfx/at25dfx.o
 .debug_macro   0x00013338       0x10 src/ASF/common2/components/memory/serial_flash/at25dfx/at25dfx.o
 .debug_macro   0x00013348       0x52 src/ASF/common2/components/memory/serial_flash/at25dfx/at25dfx.o
 .debug_macro   0x0001339a       0x16 src/ASF/common2/components/memory/serial_flash/at25dfx/at25dfx.o
 .debug_macro   0x000133b0       0x43 src/ASF/common2/components/memory/serial_flash/at25dfx/at25dfx.o
 .debug_macro   0x000133f3      0x180 src/ASF/common2/components/memory/serial_flash/at25dfx/at25dfx.o
 .debug_macro   0x00013573       0x10 src/ASF/common2/components/memory/serial_flash/at25dfx/at25dfx.o
 .debug_macro   0x00013583       0x22 src/ASF/common2/components/memory/serial_flash/at25dfx/at25dfx.o
 .debug_macro   0x000135a5       0xbe src/ASF/common2/components/memory/serial_flash/at25dfx/at25dfx.o
 .debug_macro   0x00013663       0x16 src/ASF/common2/components/memory/serial_flash/at25dfx/at25dfx.o
 .debug_macro   0x00013679      0x197 src/ASF/common2/components/memory/serial_flash/at25dfx/at25dfx.o
 .debug_macro   0x00013810       0x16 src/ASF/common2/components/memory/serial_flash/at25dfx/at25dfx.o
 .debug_macro   0x00013826       0x16 src/ASF/common2/components/memory/serial_flash/at25dfx/at25dfx.o
 .debug_macro   0x0001383c       0x29 src/ASF/common2/components/memory/serial_flash/at25dfx/at25dfx.o
 .debug_macro   0x00013865       0x51 src/ASF/common2/components/memory/serial_flash/at25dfx/at25dfx.o
 .debug_macro   0x000138b6       0x3f src/ASF/common2/components/memory/serial_flash/at25dfx/at25dfx.o
 .debug_macro   0x000138f5      0x3df src/ASF/common2/components/memory/serial_flash/at25dfx/at25dfx.o
 .debug_macro   0x00013cd4       0x18 src/ASF/common2/components/memory/serial_flash/at25dfx/at25dfx.o
 .debug_macro   0x00013cec       0x12 src/ASF/common2/components/memory/serial_flash/at25dfx/at25dfx.o
 .debug_macro   0x00013cfe       0x11 src/ASF/common2/components/memory/serial_flash/at25dfx/at25dfx.o
 .debug_macro   0x00013d0f       0x2e src/ASF/common2/components/memory/serial_flash/at25dfx/at25dfx.o
 .debug_macro   0x00013d3d       0xb2 src/ASF/common2/components/memory/serial_flash/at25dfx/at25dfx.o
 .debug_macro   0x00013def       0x10 src/ASF/common2/components/memory/serial_flash/at25dfx/at25dfx.o
 .debug_macro   0x00013dff       0x16 src/ASF/common2/components/memory/serial_flash/at25dfx/at25dfx.o
 .debug_macro   0x00013e15       0x16 src/ASF/common2/components/memory/serial_flash/at25dfx/at25dfx.o
 .debug_macro   0x00013e2b       0x35 src/ASF/common2/components/memory/serial_flash/at25dfx/at25dfx.o